Component: ARM Compiler 5.06 update 4 (build 422) Tool: armlink [4d35d2]

==============================================================================

Section Cross References

    startup_stm32f103xe.o(RESET) refers to startup_stm32f103xe.o(STACK) for __initial_sp
    startup_stm32f103xe.o(RESET) refers to startup_stm32f103xe.o(.text) for Reset_Handler
    startup_stm32f103xe.o(RESET) refers to stm32f1xx_it.o(i.NMI_Handler) for NMI_Handler
    startup_stm32f103xe.o(RESET) refers to stm32f1xx_it.o(i.HardFault_Handler) for HardFault_Handler
    startup_stm32f103xe.o(RESET) refers to stm32f1xx_it.o(i.MemManage_Handler) for MemManage_Handler
    startup_stm32f103xe.o(RESET) refers to stm32f1xx_it.o(i.BusFault_Handler) for BusFault_Handler
    startup_stm32f103xe.o(RESET) refers to stm32f1xx_it.o(i.UsageFault_Handler) for UsageFault_Handler
    startup_stm32f103xe.o(RESET) refers to stm32f1xx_it.o(i.SVC_Handler) for SVC_Handler
    startup_stm32f103xe.o(RESET) refers to stm32f1xx_it.o(i.DebugMon_Handler) for DebugMon_Handler
    startup_stm32f103xe.o(RESET) refers to stm32f1xx_it.o(i.PendSV_Handler) for PendSV_Handler
    startup_stm32f103xe.o(RESET) refers to stm32f1xx_it.o(i.SysTick_Handler) for SysTick_Handler
    startup_stm32f103xe.o(RESET) refers to stm32f1xx_it.o(i.EXTI0_IRQHandler) for EXTI0_IRQHandler
    startup_stm32f103xe.o(RESET) refers to stm32f1xx_it.o(i.EXTI4_IRQHandler) for EXTI4_IRQHandler
    startup_stm32f103xe.o(RESET) refers to stm32f1xx_it.o(i.TIM3_IRQHandler) for TIM3_IRQHandler
    startup_stm32f103xe.o(RESET) refers to stm32f1xx_it.o(i.USART1_IRQHandler) for USART1_IRQHandler
    startup_stm32f103xe.o(RESET) refers to stm32f1xx_it.o(i.USART3_IRQHandler) for USART3_IRQHandler
    startup_stm32f103xe.o(RESET) refers to stm32f1xx_it.o(i.EXTI15_10_IRQHandler) for EXTI15_10_IRQHandler
    startup_stm32f103xe.o(.text) refers to system_stm32f1xx.o(i.SystemInit) for SystemInit
    startup_stm32f103xe.o(.text) refers to entry.o(.ARM.Collect$$$$00000000) for __main
    lcdtp.o(i.LCD_BackLed_Control) refers to stm32f1xx_hal_gpio.o(i.HAL_GPIO_WritePin) for HAL_GPIO_WritePin
    lcdtp.o(i.LCD_Clear) refers to lcdtp.o(i.LCD_OpenWindow) for LCD_OpenWindow
    lcdtp.o(i.LCD_Clear) refers to lcdtp.o(i.LCD_FillColor) for LCD_FillColor
    lcdtp.o(i.LCD_DrawBigChar) refers to lcdtp.o(i.LCD_OpenWindow) for LCD_OpenWindow
    lcdtp.o(i.LCD_DrawBigChar) refers to lcdtp.o(.constdata) for .constdata
    lcdtp.o(i.LCD_DrawBigDot) refers to lcdtp.o(i.LCD_DrawDot) for LCD_DrawDot
    lcdtp.o(i.LCD_DrawBigString) refers to lcdtp.o(i.LCD_DrawBigChar) for LCD_DrawBigChar
    lcdtp.o(i.LCD_DrawChar) refers to lcdtp.o(i.LCD_OpenWindow) for LCD_OpenWindow
    lcdtp.o(i.LCD_DrawChar) refers to lcdtp.o(.constdata) for .constdata
    lcdtp.o(i.LCD_DrawChar_Color) refers to lcdtp.o(i.LCD_OpenWindow) for LCD_OpenWindow
    lcdtp.o(i.LCD_DrawChar_Color) refers to lcdtp.o(.constdata) for .constdata
    lcdtp.o(i.LCD_DrawCross) refers to lcdtp.o(i.LCD_Clear) for LCD_Clear
    lcdtp.o(i.LCD_DrawDot) refers to lcdtp.o(i.LCD_OpenWindow) for LCD_OpenWindow
    lcdtp.o(i.LCD_DrawDot) refers to lcdtp.o(i.LCD_FillColor) for LCD_FillColor
    lcdtp.o(i.LCD_DrawLine) refers to lcdtp.o(i.LCD_DrawDot) for LCD_DrawDot
    lcdtp.o(i.LCD_DrawString) refers to lcdtp.o(i.LCD_DrawChar) for LCD_DrawChar
    lcdtp.o(i.LCD_DrawString_Color) refers to lcdtp.o(i.LCD_DrawChar_Color) for LCD_DrawChar_Color
    lcdtp.o(i.LCD_DrawTriangledown) refers to lcdtp.o(i.LCD_DrawLine) for LCD_DrawLine
    lcdtp.o(i.LCD_DrawTriangleup) refers to lcdtp.o(i.LCD_DrawLine) for LCD_DrawLine
    lcdtp.o(i.LCD_GetPointPixel) refers to lcdtp.o(i.LCD_OpenWindow) for LCD_OpenWindow
    lcdtp.o(i.LCD_GetPointPixel) refers to lcdtp.o(i.LCD_Read_PixelData) for LCD_Read_PixelData
    lcdtp.o(i.LCD_INIT) refers to lcdtp.o(i.LCD_BackLed_Control) for LCD_BackLed_Control
    lcdtp.o(i.LCD_INIT) refers to lcdtp.o(i.LCD_Rst) for LCD_Rst
    lcdtp.o(i.LCD_INIT) refers to lcdtp.o(i.LCD_REG_Config) for LCD_REG_Config
    lcdtp.o(i.LCD_INIT) refers to lcdtp.o(i.LCD_Clear) for LCD_Clear
    lcdtp.o(i.LCD_REG_Config) refers to lcdtp.o(i.Delay) for Delay
    lcdtp.o(i.LCD_Rst) refers to stm32f1xx_hal_gpio.o(i.HAL_GPIO_WritePin) for HAL_GPIO_WritePin
    lcdtp.o(i.LCD_Rst) refers to lcdtp.o(i.Delay) for Delay
    xpt2046.o(i.Check_touchkey) refers to xpt2046.o(i.XPT2046_Get_TouchedPoint) for XPT2046_Get_TouchedPoint
    xpt2046.o(i.Check_touchkey) refers to xpt2046.o(.data) for .data
    xpt2046.o(i.Counter_touchkey) refers to xpt2046.o(i.XPT2046_Get_TouchedPoint) for XPT2046_Get_TouchedPoint
    xpt2046.o(i.Counter_touchkey) refers to xpt2046.o(.data) for .data
    xpt2046.o(i.Counter_touchkey2) refers to xpt2046.o(i.XPT2046_Get_TouchedPoint) for XPT2046_Get_TouchedPoint
    xpt2046.o(i.Counter_touchkey2) refers to xpt2046.o(.data) for .data
    xpt2046.o(i.Counter_touchpad) refers to xpt2046.o(i.XPT2046_Get_TouchedPoint) for XPT2046_Get_TouchedPoint
[...]
    ../clib/microlib/printf/printf.c         0x00000000   Number         0  printf1.o ABSOLUTE
    ../clib/microlib/printf/printf.c         0x00000000   Number         0  printf0.o ABSOLUTE
    ../clib/microlib/printf/printf.c         0x00000000   Number         0  printfb.o ABSOLUTE
    ../clib/microlib/printf/printf.c         0x00000000   Number         0  printf5.o ABSOLUTE
    ../clib/microlib/printf/printf.c         0x00000000   Number         0  printf6.o ABSOLUTE
    ../clib/microlib/printf/printf.c         0x00000000   Number         0  printf8.o ABSOLUTE
    ../clib/microlib/printf/stubs.s          0x00000000   Number         0  stubs.o ABSOLUTE
    ../clib/microlib/stdio/streams.c         0x00000000   Number         0  stdout.o ABSOLUTE
    ../clib/microlib/string/memset.c         0x00000000   Number         0  memseta.o ABSOLUTE
    ../clib/microlib/string/strlen.c         0x00000000   Number         0  strlen.o ABSOLUTE
    ../clib/microlib/string/strstr.c         0x00000000   Number         0  strstr.o ABSOLUTE
    ../clib/microlib/stubs.s                 0x00000000   Number         0  iusefp.o ABSOLUTE
    ../clib/scanf.c                          0x00000000   Number         0  atoi.o ABSOLUTE
    ../clib/scanf.c                          0x00000000   Number         0  strtol.o ABSOLUTE
    ../clib/scanf.c                          0x00000000   Number         0  _chval.o ABSOLUTE
    ../clib/scanf.c                          0x00000000   Number         0  _strtoul.o ABSOLUTE
    ../fplib/microlib/fpadd.c                0x00000000   Number         0  dadd.o ABSOLUTE
    ../fplib/microlib/fpdiv.c                0x00000000   Number         0  ddiv.o ABSOLUTE
    ../fplib/microlib/fpepilogue.c           0x00000000   Number         0  depilogue.o ABSOLUTE
    ../fplib/microlib/fpfix.c                0x00000000   Number         0  dfixui.o ABSOLUTE
    ../fplib/microlib/fpfix.c                0x00000000   Number         0  dfixul.o ABSOLUTE
    ../fplib/microlib/fpfix.c                0x00000000   Number         0  dfixi.o ABSOLUTE
    ../fplib/microlib/fpflt.c                0x00000000   Number         0  dfltui.o ABSOLUTE
    ../fplib/microlib/fpflt.c                0x00000000   Number         0  dflti.o ABSOLUTE
    ../fplib/microlib/fpmul.c                0x00000000   Number         0  dmul.o ABSOLUTE
    ../fplib/microlib/fpscalb.c              0x00000000   Number         0  dscalb.o ABSOLUTE
    ../mathlib/atan.c                        0x00000000   Number         0  atan_x.o ABSOLUTE
    ../mathlib/atan.c                        0x00000000   Number         0  atan.o ABSOLUTE
    ../mathlib/atan2.c                       0x00000000   Number         0  atan2.o ABSOLUTE
    ../mathlib/atan2.c                       0x00000000   Number         0  atan2_x.o ABSOLUTE
    ../mathlib/dunder.c                      0x00000000   Number         0  dunder.o ABSOLUTE
    ../mathlib/fpclassify.c                  0x00000000   Number         0  fpclassify.o ABSOLUTE
    ../mathlib/poly.c                        0x00000000   Number         0  poly.o ABSOLUTE
    ../mathlib/qnan.c                        0x00000000   Number         0  qnan.o ABSOLUTE
    ..\Drivers\STM32F1xx_HAL_Driver\Src\stm32f1xx_hal.c 0x00000000   Number         0  stm32f1xx_hal.o ABSOLUTE
    ..\Drivers\STM32F1xx_HAL_Driver\Src\stm32f1xx_hal_cortex.c 0x00000000   Number         0  stm32f1xx_hal_cortex.o ABSOLUTE
    ..\Drivers\STM32F1xx_HAL_Driver\Src\stm32f1xx_hal_dma.c 0x00000000   Number         0  stm32f1xx_hal_dma.o ABSOLUTE
    ..\Drivers\STM32F1xx_HAL_Driver\Src\stm32f1xx_hal_exti.c 0x00000000   Number         0  stm32f1xx_hal_exti.o ABSOLUTE
    ..\Drivers\STM32F1xx_HAL_Driver\Src\stm32f1xx_hal_flash.c 0x00000000   Number         0  stm32f1xx_hal_flash.o ABSOLUTE
    ..\Drivers\STM32F1xx_HAL_Driver\Src\stm32f1xx_hal_flash_ex.c 0x00000000   Number         0  stm32f1xx_hal_flash_ex.o ABSOLUTE
    ..\Drivers\STM32F1xx_HAL_Driver\Src\stm32f1xx_hal_gpio.c 0x00000000   Number         0  stm32f1xx_hal_gpio.o ABSOLUTE
    ..\Drivers\STM32F1xx_HAL_Driver\Src\stm32f1xx_hal_gpio_ex.c 0x00000000   Number         0  stm32f1xx_hal_gpio_ex.o ABSOLUTE
    ..\Drivers\STM32F1xx_HAL_Driver\Src\stm32f1xx_hal_i2c.c 0x00000000   Number         0  stm32f1xx_hal_i2c.o ABSOLUTE
    ..\Drivers\STM32F1xx_HAL_Driver\Src\stm32f1xx_hal_pwr.c 0x00000000   Number         0  stm32f1xx_hal_pwr.o ABSOLUTE
    ..\Drivers\STM32F1xx_HAL_Driver\Src\stm32f1xx_hal_rcc.c 0x00000000   Number         0  stm32f1xx_hal_rcc.o ABSOLUTE
    ..\Drivers\STM32F1xx_HAL_Driver\Src\stm32f1xx_hal_rcc_ex.c 0x00000000   Number         0  stm32f1xx_hal_rcc_ex.o ABSOLUTE
    ..\Drivers\STM32F1xx_HAL_Driver\Src\stm32f1xx_hal_sram.c 0x00000000   Number         0  stm32f1xx_hal_sram.o ABSOLUTE
    ..\Drivers\STM32F1xx_HAL_Driver\Src\stm32f1xx_hal_tim.c 0x00000000   Number         0  stm32f1xx_hal_tim.o ABSOLUTE
    ..\Drivers\STM32F1xx_HAL_Driver\Src\stm32f1xx_hal_tim_ex.c 0x00000000   Number         0  stm32f1xx_hal_tim_ex.o ABSOLUTE
    ..\Drivers\STM32F1xx_HAL_Driver\Src\stm32f1xx_hal_uart.c 0x00000000   Number         0  stm32f1xx_hal_uart.o ABSOLUTE
    ..\Drivers\STM32F1xx_HAL_Driver\Src\stm32f1xx_ll_fsmc.c 0x00000000   Number         0  stm32f1xx_ll_fsmc.o ABSOLUTE
    ..\Src\bsp_usart.c                       0x00000000   Number         0  bsp_usart.o ABSOLUTE
    ..\Src\esp8266.c                         0x00000000   Number         0  esp8266.o ABSOLUTE
    ..\Src\fsmc.c                            0x00000000   Number         0  fsmc.o ABSOLUTE
    ..\Src\gpio.c                            0x00000000   Number         0  gpio.o ABSOLUTE
    ..\Src\i2c.c                             0x00000000   Number         0  i2c.o ABSOLUTE
    ..\Src\lcdtp.c                           0x00000000   Number         0  lcdtp.o ABSOLUTE
    ..\Src\main.c                            0x00000000   Number         0  main.o ABSOLUTE
    ..\Src\stm32f1xx_hal_msp.c               0x00000000   Number         0  stm32f1xx_hal_msp.o ABSOLUTE
    ..\Src\stm32f1xx_it.c                    0x00000000   Number         0  stm32f1xx_it.o ABSOLUTE
    ..\Src\system_stm32f1xx.c                0x00000000   Number         0  system_stm32f1xx.o ABSOLUTE
    ..\Src\tim.c                             0x00000000   Number         0  tim.o ABSOLUTE
    ..\Src\xpt2046.c                         0x00000000   Number         0  xpt2046.o ABSOLUTE
    ..\\Drivers\\STM32F1xx_HAL_Driver\\Src\\stm32f1xx_hal_uart.c 0x00000000   Number         0  stm32f1xx_hal_uart.o ABSOLUTE
    ..\\Src\\bsp_usart.c                     0x00000000   Number         0  bsp_usart.o ABSOLUTE
    ..\\Src\\esp8266.c                       0x00000000   Number         0  esp8266.o ABSOLUTE
    ..\\Src\\lcdtp.c                         0x00000000   Number         0  lcdtp.o ABSOLUTE
    ..\\Src\\xpt2046.c                       0x00000000   Number         0  xpt2046.o ABSOLUTE
    cdcmple.s                                0x00000000   Number         0  cdcmple.o ABSOLUTE
    cdrcmple.s                               0x00000000   Number         0  cdrcmple.o ABSOLUTE
    dc.s                                     0x00000000   Number         0  dc.o ABSOLUTE
    handlers.s                               0x00000000   Number         0  handlers.o ABSOLUTE
    init.s                                   0x00000000   Number         0  init.o ABSOLUTE
    startup_stm32f103xe.s                    0x00000000   Number         0  startup_stm32f103xe.o ABSOLUTE
    RESET                                    0x08000000   Section      304  startup_stm32f103xe.o(RESET)
    .ARM.Collect$$$$00000000                 0x08000130   Section        0  entry.o(.ARM.Collect$$$$00000000)
    .ARM.Collect$$$$00000001                 0x08000130   Section        4  entry2.o(.ARM.Collect$$$$00000001)
    .ARM.Collect$$$$00000004                 0x08000134   Section        4  entry5.o(.ARM.Collect$$$$00000004)
    .ARM.Collect$$$$00000008                 0x08000138   Section        0  entry7b.o(.ARM.Collect$$$$00000008)
    .ARM.Collect$$$$0000000A                 0x08000138   Section        0  entry8b.o(.ARM.Collect$$$$0000000A)
    .ARM.Collect$$$$0000000B                 0x08000138   Section        8  entry9a.o(.ARM.Collect$$$$0000000B)
    .ARM.Collect$$$$0000000D                 0x08000140   Section        0  entry10a.o(.ARM.Collect$$$$0000000D)
    .ARM.Collect$$$$0000000F                 0x08000140   Section        0  entry11a.o(.ARM.Collect$$$$0000000F)
    .ARM.Collect$$$$00002712                 0x08000140   Section        4  entry2.o(.ARM.Collect$$$$00002712)
    __lit__00000000                          0x08000140   Data           4  entry2.o(.ARM.Collect$$$$00002712)
    .text                                    0x08000144   Section       36  startup_stm32f103xe.o(.text)
    .text                                    0x08000168   Section        0  llushr.o(.text)
    .text                                    0x08000188   Section        0  memseta.o(.text)
    .text                                    0x080001ac   Section        0  strstr.o(.text)
    .text                                    0x080001d0   Section        0  strlen.o(.text)
    .text                                    0x080001de   Section        0  atoi.o(.text)
    .text                                    0x080001f8   Section        0  dadd.o(.text)
    .text                                    0x08000346   Section        0  dmul.o(.text)
    .text                                    0x0800042a   Section        0  ddiv.o(.text)
    .text                                    0x08000508   Section        0  dflti.o(.text)
    .text                                    0x0800052a   Section        0  dfltui.o(.text)
    .text                                    0x08000544   Section        0  dfixi.o(.text)
    .text                                    0x08000582   Section        0  dfixui.o(.text)
    .text                                    0x080005b4   Section       48  cdcmple.o(.text)
    .text                                    0x080005e4   Section       48  cdrcmple.o(.text)
    .text                                    0x08000614   Section        0  uidiv.o(.text)
    .text                                    0x08000640   Section        0  llshl.o(.text)
    .text                                    0x0800065e   Section        0  llsshr.o(.text)
    .text                                    0x08000682   Section        0  strtol.o(.text)
    .text                                    0x080006f2   Section        0  depilogue.o(.text)
    .text                                    0x080006f2   Section        0  iusefp.o(.text)
    .text                                    0x080007ac   Section       36  init.o(.text)
    .text                                    0x080007d0   Section        0  ctype_o.o(.text)
    .text                                    0x080007d8   Section        0  _strtoul.o(.text)
    .text                                    0x08000876   Section        0  dscalb.o(.text)
    .text                                    0x080008a4   Section        0  _chval.o(.text)
    i.BusFault_Handler                       0x080008c0   Section        0  stm32f1xx_it.o(i.BusFault_Handler)
    i.Counter_touchkey                       0x080008c4   Section        0  xpt2046.o(i.Counter_touchkey)
    i.Counter_touchpad                       0x08000940   Section        0  xpt2046.o(i.Counter_touchpad)
    i.DebugMon_Handler                       0x08000a08   Section        0  stm32f1xx_it.o(i.DebugMon_Handler)
    i.Delay                                  0x08000a0a   Section        0  lcdtp.o(i.Delay)
    i.Draw_touchkey                          0x08000a1c   Section        0  xpt2046.o(i.Draw_touchkey)
    i.ESP8266_AT_Test                        0x08000a94   Section        0  esp8266.o(i.ESP8266_AT_Test)
    i.ESP8266_Cmd                            0x08000aac   Section        0  esp8266.o(i.ESP8266_Cmd)
    i.ESP8266_Disconnect                     0x08000ad0   Section        0  esp8266.o(i.ESP8266_Disconnect)
    i.ESP8266_Enable_MultipleId              0x08000ae4   Section        0  esp8266.o(i.ESP8266_Enable_MultipleId)
    i.ESP8266_ExitUnvarnishSend              0x08000b14   Section        0  esp8266.o(i.ESP8266_ExitUnvarnishSend)
    i.ESP8266_GPIO_Config                    0x08000b3c   Section        0  esp8266.o(i.ESP8266_GPIO_Config)
    i.ESP8266_Init                           0x08000b94   Section        0  esp8266.o(i.ESP8266_Init)
    i.ESP8266_JoinAP                         0x08000bbc   Section        0  esp8266.o(i.ESP8266_JoinAP)
    i.ESP8266_Link_Server                    0x08000bec   Section        0  esp8266.o(i.ESP8266_Link_Server)
    i.ESP8266_Net_Mode                       0x08000c88   Section        0  esp8266.o(i.ESP8266_Net_Mode)
    i.ESP8266_PassThrough_Test               0x08000cd0   Section        0  esp8266.o(i.ESP8266_PassThrough_Test)
    i.ESP8266_UnvarnishSend                  0x08000da4   Section        0  esp8266.o(i.ESP8266_UnvarnishSend)
    i.ESP_Rxbuf_Init                         0x08000de4   Section        0  bsp_usart.o(i.ESP_Rxbuf_Init)
    i.EXTI0_IRQHandler                       0x08000e08   Section        0  stm32f1xx_it.o(i.EXTI0_IRQHandler)
    i.EXTI15_10_IRQHandler                   0x08000e40   Section        0  stm32f1xx_it.o(i.EXTI15_10_IRQHandler)
    i.EXTI4_IRQHandler                       0x08000e7c   Section        0  stm32f1xx_it.o(i.EXTI4_IRQHandler)
    i.Error_Handler                          0x08000e82   Section        0  main.o(i.Error_Handler)
    i.FSMC_NORSRAM_Extended_Timing_Init      0x08000e88   Section        0  stm32f1xx_ll_fsmc.o(i.FSMC_NORSRAM_Extended_Timing_Init)
    i.FSMC_NORSRAM_Init                      0x08000ec4   Section        0  stm32f1xx_ll_fsmc.o(i.FSMC_NORSRAM_Init)
    i.FSMC_NORSRAM_Timing_Init               0x08000f2c   Section        0  stm32f1xx_ll_fsmc.o(i.FSMC_NORSRAM_Timing_Init)
    i.GET_Net_Time                           0x08000f70   Section        0  esp8266.o(i.GET_Net_Time)
    i.GET_Temp                               0x08000fc8   Section        0  esp8266.o(i.GET_Temp)
    i.Get_Times                              0x08001044   Section        0  esp8266.o(i.Get_Times)
    i.Get_Weather                            0x0800107c   Section        0  esp8266.o(i.Get_Weather)
    i.HAL_Delay                              0x080010e8   Section        0  stm32f1xx_hal.o(i.HAL_Delay)
    i.HAL_FSMC_MspInit                       0x0800110c   Section        0  fsmc.o(i.HAL_FSMC_MspInit)
    HAL_FSMC_MspInit                         0x0800110d   Thumb Code    88  fsmc.o(i.HAL_FSMC_MspInit)
    i.HAL_GPIO_EXTI_Callback                 0x08001174   Section        0  stm32f1xx_hal_gpio.o(i.HAL_GPIO_EXTI_Callback)
    i.HAL_GPIO_EXTI_IRQHandler               0x08001178   Section        0  stm32f1xx_hal_gpio.o(i.HAL_GPIO_EXTI_IRQHandler)
    i.HAL_GPIO_Init                          0x08001190   Section        0  stm32f1xx_hal_gpio.o(i.HAL_GPIO_Init)
    i.HAL_GPIO_ReadPin                       0x08001388   Section        0  stm32f1xx_hal_gpio.o(i.HAL_GPIO_ReadPin)
    i.HAL_GPIO_WritePin                      0x08001392   Section        0  stm32f1xx_hal_gpio.o(i.HAL_GPIO_WritePin)
    i.HAL_GetTick                            0x0800139c   Section        0  stm32f1xx_hal.o(i.HAL_GetTick)
    i.HAL_I2C_Init                           0x080013a8   Section        0  stm32f1xx_hal_i2c.o(i.HAL_I2C_Init)
    i.HAL_I2C_Mem_Read                       0x08001530   Section        0  stm32f1xx_hal_i2c.o(i.HAL_I2C_Mem_Read)
    i.HAL_I2C_Mem_Write                      0x08001780   Section        0  stm32f1xx_hal_i2c.o(i.HAL_I2C_Mem_Write)
    i.HAL_I2C_MspInit                        0x080018b0   Section        0  i2c.o(i.HAL_I2C_MspInit)
    i.HAL_IncTick                            0x08001934   Section        0  stm32f1xx_hal.o(i.HAL_IncTick)
    i.HAL_Init                               0x08001944   Section        0  stm32f1xx_hal.o(i.HAL_Init)
    i.HAL_InitTick                           0x08001968   Section        0  stm32f1xx_hal.o(i.HAL_InitTick)
    i.HAL_MspInit                            0x080019a8   Section        0  stm32f1xx_hal_msp.o(i.HAL_MspInit)
    i.HAL_NVIC_EnableIRQ                     0x080019e4   Section        0  stm32f1xx_hal_cortex.o(i.HAL_NVIC_EnableIRQ)
    i.HAL_NVIC_SetPriority                   0x08001a00   Section        0  stm32f1xx_hal_cortex.o(i.HAL_NVIC_SetPriority)
    i.HAL_NVIC_SetPriorityGrouping           0x08001a40   Section        0  stm32f1xx_hal_cortex.o(i.HAL_NVIC_SetPriorityGrouping)
    i.HAL_RCC_ClockConfig                    0x08001a64   Section        0  stm32f1xx_hal_rcc.o(i.HAL_RCC_ClockConfig)
    i.HAL_RCC_GetPCLK1Freq                   0x08001b90   Section        0  stm32f1xx_hal_rcc.o(i.HAL_RCC_GetPCLK1Freq)
    i.HAL_RCC_GetPCLK2Freq                   0x08001bb0   Section        0  stm32f1xx_hal_rcc.o(i.HAL_RCC_GetPCLK2Freq)
    i.HAL_RCC_GetSysClockFreq                0x08001bd0   Section        0  stm32f1xx_hal_rcc.o(i.HAL_RCC_GetSysClockFreq)
    i.HAL_RCC_OscConfig                      0x08001c3c   Section        0  stm32f1xx_hal_rcc.o(i.HAL_RCC_OscConfig)
    i.HAL_SRAM_Init                          0x08001f5c   Section        0  stm32f1xx_hal_sram.o(i.HAL_SRAM_Init)
    i.HAL_SRAM_MspInit                       0x08001fc0   Section        0  fsmc.o(i.HAL_SRAM_MspInit)
    i.HAL_SYSTICK_Config                     0x08001fc4   Section        0  stm32f1xx_hal_cortex.o(i.HAL_SYSTICK_Config)
    i.HAL_TIMEx_BreakCallback                0x08001fec   Section        0  stm32f1xx_hal_tim_ex.o(i.HAL_TIMEx_BreakCallback)
    i.HAL_TIMEx_CommutCallback               0x08001fee   Section        0  stm32f1xx_hal_tim_ex.o(i.HAL_TIMEx_CommutCallback)
    i.HAL_TIMEx_MasterConfigSynchronization  0x08001ff0   Section        0  stm32f1xx_hal_tim_ex.o(i.HAL_TIMEx_MasterConfigSynchronization)
    i.HAL_TIM_Base_Init                      0x0800206c   Section        0  stm32f1xx_hal_tim.o(i.HAL_TIM_Base_Init)
    i.HAL_TIM_Base_MspInit                   0x080020c8   Section        0  tim.o(i.HAL_TIM_Base_MspInit)
    i.HAL_TIM_Base_Start_IT                  0x08002104   Section        0  stm32f1xx_hal_tim.o(i.HAL_TIM_Base_Start_IT)
    i.HAL_TIM_ConfigClockSource              0x08002170   Section        0  stm32f1xx_hal_tim.o(i.HAL_TIM_ConfigClockSource)
    i.HAL_TIM_IC_CaptureCallback             0x08002246   Section        0  stm32f1xx_hal_tim.o(i.HAL_TIM_IC_CaptureCallback)
    i.HAL_TIM_IRQHandler                     0x08002248   Section        0  stm32f1xx_hal_tim.o(i.HAL_TIM_IRQHandler)
    i.HAL_TIM_OC_DelayElapsedCallback        0x080023ae   Section        0  stm32f1xx_hal_tim.o(i.HAL_TIM_OC_DelayElapsedCallback)
    i.HAL_TIM_PWM_PulseFinishedCallback      0x080023b0   Section        0  stm32f1xx_hal_tim.o(i.HAL_TIM_PWM_PulseFinishedCallback)
    i.HAL_TIM_PeriodElapsedCallback          0x080023b4   Section        0  main.o(i.HAL_TIM_PeriodElapsedCallback)
    i.HAL_TIM_TriggerCallback                0x080023dc   Section        0  stm32f1xx_hal_tim.o(i.HAL_TIM_TriggerCallback)
    i.HAL_UART_Init                          0x080023de   Section        0  stm32f1xx_hal_uart.o(i.HAL_UART_Init)
    i.HAL_UART_MspInit                       0x08002440   Section        0  bsp_usart.o(i.HAL_UART_MspInit)
    i.HAL_UART_Transmit                      0x08002548   Section        0  stm32f1xx_hal_uart.o(i.HAL_UART_Transmit)
    i.HardFault_Handler                      0x080025fa   Section        0  stm32f1xx_it.o(i.HardFault_Handler)
    i.I2C_IsAcknowledgeFailed                0x080025fc   Section        0  stm32f1xx_hal_i2c.o(i.I2C_IsAcknowledgeFailed)
    I2C_IsAcknowledgeFailed                  0x080025fd   Thumb Code    46  stm32f1xx_hal_i2c.o(i.I2C_IsAcknowledgeFailed)
    i.I2C_RequestMemoryRead                  0x0800262c   Section        0  stm32f1xx_hal_i2c.o(i.I2C_RequestMemoryRead)
    I2C_RequestMemoryRead                    0x0800262d   Thumb Code   246  stm32f1xx_hal_i2c.o(i.I2C_RequestMemoryRead)
    i.I2C_RequestMemoryWrite                 0x08002728   Section        0  stm32f1xx_hal_i2c.o(i.I2C_RequestMemoryWrite)
    I2C_RequestMemoryWrite                   0x08002729   Thumb Code   162  stm32f1xx_hal_i2c.o(i.I2C_RequestMemoryWrite)
    i.I2C_WaitOnBTFFlagUntilTimeout          0x080027d0   Section        0  stm32f1xx_hal_i2c.o(i.I2C_WaitOnBTFFlagUntilTimeout)
    I2C_WaitOnBTFFlagUntilTimeout            0x080027d1   Thumb Code    76  stm32f1xx_hal_i2c.o(i.I2C_WaitOnBTFFlagUntilTimeout)
    i.I2C_WaitOnFlagUntilTimeout             0x0800281c   Section        0  stm32f1xx_hal_i2c.o(i.I2C_WaitOnFlagUntilTimeout)
    I2C_WaitOnFlagUntilTimeout               0x0800281d   Thumb Code   104  stm32f1xx_hal_i2c.o(i.I2C_WaitOnFlagUntilTimeout)
    i.I2C_WaitOnMasterAddressFlagUntilTimeout 0x08002884   Section        0  stm32f1xx_hal_i2c.o(i.I2C_WaitOnMasterAddressFlagUntilTimeout)
    I2C_WaitOnMasterAddressFlagUntilTimeout  0x08002885   Thumb Code   150  stm32f1xx_hal_i2c.o(i.I2C_WaitOnMasterAddressFlagUntilTimeout)
    i.I2C_WaitOnRXNEFlagUntilTimeout         0x0800291a   Section        0  stm32f1xx_hal_i2c.o(i.I2C_WaitOnRXNEFlagUntilTimeout)
    I2C_WaitOnRXNEFlagUntilTimeout           0x0800291b   Thumb Code   102  stm32f1xx_hal_i2c.o(i.I2C_WaitOnRXNEFlagUntilTimeout)
    i.I2C_WaitOnTXEFlagUntilTimeout          0x08002980   Section        0  stm32f1xx_hal_i2c.o(i.I2C_WaitOnTXEFlagUntilTimeout)
    I2C_WaitOnTXEFlagUntilTimeout            0x08002981   Thumb Code    76  stm32f1xx_hal_i2c.o(i.I2C_WaitOnTXEFlagUntilTimeout)
    i.LCD_BackLed_Control                    0x080029cc   Section        0  lcdtp.o(i.LCD_BackLed_Control)
    i.LCD_Clear                              0x080029e4   Section        0  lcdtp.o(i.LCD_Clear)
    i.LCD_DrawBigDot                         0x080029fe   Section        0  lcdtp.o(i.LCD_DrawBigDot)
    i.LCD_DrawChar                           0x08002a6c   Section        0  lcdtp.o(i.LCD_DrawChar)
    i.LCD_DrawChar_Color                     0x08002abc   Section        0  lcdtp.o(i.LCD_DrawChar_Color)
    i.LCD_DrawCross                          0x08002b08   Section        0  lcdtp.o(i.LCD_DrawCross)
    i.LCD_DrawDot                            0x08002b32   Section        0  lcdtp.o(i.LCD_DrawDot)
    i.LCD_DrawLine                           0x08002b54   Section        0  lcdtp.o(i.LCD_DrawLine)
    i.LCD_DrawString                         0x08002bf4   Section        0  lcdtp.o(i.LCD_DrawString)
    i.LCD_DrawString_Color                   0x08002c34   Section        0  lcdtp.o(i.LCD_DrawString_Color)
    i.LCD_FillColor                          0x08002c84   Section        0  lcdtp.o(i.LCD_FillColor)
    i.LCD_GramScan                           0x08002ca0   Section        0  lcdtp.o(i.LCD_GramScan)
    i.LCD_INIT                               0x08002d28   Section        0  lcdtp.o(i.LCD_INIT)
    i.LCD_OpenWindow                         0x08002d50   Section        0  lcdtp.o(i.LCD_OpenWindow)
    i.LCD_REG_Config                         0x08002d90   Section        0  lcdtp.o(i.LCD_REG_Config)
    i.LCD_Rst                                0x08002f08   Section        0  lcdtp.o(i.LCD_Rst)
    i.MX_FSMC_Init                           0x08002f3c   Section        0  fsmc.o(i.MX_FSMC_Init)
    i.MX_GPIO_Init                           0x08002fb4   Section        0  gpio.o(i.MX_GPIO_Init)
    i.MX_I2C1_Init                           0x08003114   Section        0  i2c.o(i.MX_I2C1_Init)
    i.MX_TIM3_Init                           0x08003154   Section        0  tim.o(i.MX_TIM3_Init)
    i.Main_touchkey                          0x080031bc   Section        0  xpt2046.o(i.Main_touchkey)
    i.MemManage_Handler                      0x08003214   Section        0  stm32f1xx_it.o(i.MemManage_Handler)
    i.NMI_Handler                            0x08003216   Section        0  stm32f1xx_it.o(i.NMI_Handler)
    i.PendSV_Handler                         0x08003218   Section        0  stm32f1xx_it.o(i.PendSV_Handler)
    i.SVC_Handler                            0x0800321a   Section        0  stm32f1xx_it.o(i.SVC_Handler)
    i.Sub_touchkey                           0x0800321c   Section        0  xpt2046.o(i.Sub_touchkey)
    i.SysTick_Handler                        0x08003248   Section        0  stm32f1xx_it.o(i.SysTick_Handler)
    i.SystemClock_Config                     0x0800324c   Section        0  main.o(i.SystemClock_Config)
    i.SystemInit                             0x080032aa   Section        0  system_stm32f1xx.o(i.SystemInit)
    i.TIM3_IRQHandler                        0x080032ac   Section        0  stm32f1xx_it.o(i.TIM3_IRQHandler)
    i.TIM_Base_SetConfig                     0x080032b8   Section        0  stm32f1xx_hal_tim.o(i.TIM_Base_SetConfig)
    i.TIM_ETR_SetConfig                      0x08003344   Section        0  stm32f1xx_hal_tim.o(i.TIM_ETR_SetConfig)
    i.TIM_ITRx_SetConfig                     0x08003358   Section        0  stm32f1xx_hal_tim.o(i.TIM_ITRx_SetConfig)
    TIM_ITRx_SetConfig                       0x08003359   Thumb Code    16  stm32f1xx_hal_tim.o(i.TIM_ITRx_SetConfig)
    i.TIM_TI1_ConfigInputStage               0x08003368   Section        0  stm32f1xx_hal_tim.o(i.TIM_TI1_ConfigInputStage)
    TIM_TI1_ConfigInputStage                 0x08003369   Thumb Code    34  stm32f1xx_hal_tim.o(i.TIM_TI1_ConfigInputStage)
    i.TIM_TI2_ConfigInputStage               0x0800338a   Section        0  stm32f1xx_hal_tim.o(i.TIM_TI2_ConfigInputStage)
    TIM_TI2_ConfigInputStage                 0x0800338b   Thumb Code    36  stm32f1xx_hal_tim.o(i.TIM_TI2_ConfigInputStage)
    i.Timer_touchkey                         0x080033b0   Section        0  xpt2046.o(i.Timer_touchkey)
    i.UART_SetConfig                         0x08003418   Section        0  stm32f1xx_hal_uart.o(i.UART_SetConfig)
    UART_SetConfig                           0x08003419   Thumb Code   178  stm32f1xx_hal_uart.o(i.UART_SetConfig)
    i.UART_WaitOnFlagUntilTimeout            0x080034d0   Section        0  stm32f1xx_hal_uart.o(i.UART_WaitOnFlagUntilTimeout)
    UART_WaitOnFlagUntilTimeout              0x080034d1   Thumb Code   100  stm32f1xx_hal_uart.o(i.UART_WaitOnFlagUntilTimeout)
    i.USART1_IRQHandler                      0x08003534   Section        0  stm32f1xx_it.o(i.USART1_IRQHandler)
    i.USART3_IRQHandler                      0x08003554   Section        0  stm32f1xx_it.o(i.USART3_IRQHandler)
    i.UsageFault_Handler                     0x080035a4   Section        0  stm32f1xx_it.o(i.UsageFault_Handler)
    i.Usart_SendString                       0x080035a6   Section        0  bsp_usart.o(i.Usart_SendString)
    i.WIFI_USART_Config                      0x080035cc   Section        0  bsp_usart.o(i.WIFI_USART_Config)
    i.XPT2046_Calculate_CalibrationFactor    0x08003604   Section        0  xpt2046.o(i.XPT2046_Calculate_CalibrationFactor)
    XPT2046_Calculate_CalibrationFactor      0x08003605   Thumb Code   330  xpt2046.o(i.XPT2046_Calculate_CalibrationFactor)
    i.XPT2046_DelayUS                        0x0800374e   Section        0  xpt2046.o(i.XPT2046_DelayUS)
    XPT2046_DelayUS                          0x0800374f   Thumb Code    24  xpt2046.o(i.XPT2046_DelayUS)
    i.XPT2046_Get_TouchedPoint               0x08003766   Section        0  xpt2046.o(i.XPT2046_Get_TouchedPoint)
    i.XPT2046_ReadAdc                        0x080037fc   Section        0  xpt2046.o(i.XPT2046_ReadAdc)
    XPT2046_ReadAdc                          0x080037fd   Thumb Code    82  xpt2046.o(i.XPT2046_ReadAdc)
    i.XPT2046_ReadAdc_Smooth_XY              0x08003854   Section        0  xpt2046.o(i.XPT2046_ReadAdc_Smooth_XY)
    XPT2046_ReadAdc_Smooth_XY                0x08003855   Thumb Code   306  xpt2046.o(i.XPT2046_ReadAdc_Smooth_XY)
    i.XPT2046_Touch_Calibrate                0x08003990   Section        0  xpt2046.o(i.XPT2046_Touch_Calibrate)
    i.XPT2046_WriteCMD                       0x08003c90   Section        0  xpt2046.o(i.XPT2046_WriteCMD)
    XPT2046_WriteCMD                         0x08003c91   Thumb Code    96  xpt2046.o(i.XPT2046_WriteCMD)
    i.__0printf$6                            0x08003cf4   Section        0  printf6.o(i.__0printf$6)
    i.__0sprintf$6                           0x08003d14   Section        0  printf6.o(i.__0sprintf$6)
    i.__ARM_fpclassify                       0x08003d3c   Section        0  fpclassify.o(i.__ARM_fpclassify)
    i.__NVIC_SetPriority                     0x08003d64   Section        0  stm32f1xx_hal_cortex.o(i.__NVIC_SetPriority)
    __NVIC_SetPriority                       0x08003d65   Thumb Code    32  stm32f1xx_hal_cortex.o(i.__NVIC_SetPriority)
    i.__aeabi_errno_addr                     0x08003d84   Section        0  errno.o(i.__aeabi_errno_addr)
    i.__kernel_poly                          0x08003d8c   Section        0  poly.o(i.__kernel_poly)
    i.__mathlib_dbl_infnan                   0x08003e36   Section        0  dunder.o(i.__mathlib_dbl_infnan)
    i.__mathlib_dbl_infnan2                  0x08003e3c   Section        0  dunder.o(i.__mathlib_dbl_infnan2)
    i.__mathlib_dbl_underflow                0x08003e40   Section        0  dunder.o(i.__mathlib_dbl_underflow)
    i.__scatterload_copy                     0x08003e50   Section       14  handlers.o(i.__scatterload_copy)
    i.__scatterload_null                     0x08003e5e   Section        2  handlers.o(i.__scatterload_null)
    i.__scatterload_zeroinit                 0x08003e60   Section       14  handlers.o(i.__scatterload_zeroinit)
    i._printf_core                           0x08003e70   Section        0  printf6.o(i._printf_core)
    _printf_core                             0x08003e71   Thumb Code   748  printf6.o(i._printf_core)
    i._printf_post_padding                   0x08004160   Section        0  printf6.o(i._printf_post_padding)
    _printf_post_padding                     0x08004161   Thumb Code    36  printf6.o(i._printf_post_padding)
    i._printf_pre_padding                    0x08004184   Section        0  printf6.o(i._printf_pre_padding)
    _printf_pre_padding                      0x08004185   Thumb Code    46  printf6.o(i._printf_pre_padding)
    i._sputc                                 0x080041b2   Section        0  printf6.o(i._sputc)
    _sputc                                   0x080041b3   Thumb Code    10  printf6.o(i._sputc)
    i.atan                                   0x080041bc   Section        0  atan.o(i.atan)
    i.atan2                                  0x080043dc   Section        0  atan2.o(i.atan2)
    i.fputc                                  0x0800455c   Section        0  bsp_usart.o(i.fputc)
    i.main                                   0x08004574   Section        0  main.o(i.main)
    .constdata                               0x08005854   Section     1520  lcdtp.o(.constdata)
    .constdata                               0x08005e44   Section       16  system_stm32f1xx.o(.constdata)
    .constdata                               0x08005e54   Section        8  system_stm32f1xx.o(.constdata)
    .constdata                               0x08005e60   Section      152  atan.o(.constdata)
    atanhi                                   0x08005e60   Data          32  atan.o(.constdata)
    atanlo                                   0x08005e80   Data          32  atan.o(.constdata)
    aTodd                                    0x08005ea0   Data          40  atan.o(.constdata)
    aTeven                                   0x08005ec8   Data          48  atan.o(.constdata)
    .constdata                               0x08005ef8   Section        8  qnan.o(.constdata)
    .constdata                               0x08005f00   Section      129  ctype_o.o(.constdata)
    .constdata                               0x08005f84   Section        4  ctype_o.o(.constdata)
    table                                    0x08005f84   Data           4  ctype_o.o(.constdata)
    .conststring                             0x08005f88   Section      249  esp8266.o(.conststring)
    .data                                    0x20000000   Section       56  xpt2046.o(.data)
    .data                                    0x20000038   Section       12  esp8266.o(.data)
    .data                                    0x20000044   Section       12  main.o(.data)
    .data                                    0x20000050   Section        8  fsmc.o(.data)
    FSMC_Initialized                         0x20000050   Data           4  fsmc.o(.data)
    FSMC_DeInitialized                       0x20000054   Data           4  fsmc.o(.data)
    .data                                    0x20000058   Section        8  stm32f1xx_it.o(.data)
    .data                                    0x20000060   Section       12  stm32f1xx_hal.o(.data)
    .data                                    0x2000006c   Section        4  system_stm32f1xx.o(.data)
    .data                                    0x20000070   Section        4  stdout.o(.data)
    .data                                    0x20000074   Section        4  errno.o(.data)
    _errno                                   0x20000074   Data           4  errno.o(.data)
    .bss                                     0x20000078   Section     1168  bsp_usart.o(.bss)
    .bss                                     0x20000508   Section       72  fsmc.o(.bss)
    .bss                                     0x20000550   Section       84  i2c.o(.bss)
    .bss                                     0x200005a4   Section       72  tim.o(.bss)
    STACK                                    0x200005f0   Section     1024  startup_stm32f103xe.o(STACK)

    Global Symbols

    Symbol Name                              Value     Ov Type        Size  Object(Section)

    BuildAttributes$$THM_ISAv4$P$D$K$B$S$PE$A:L22UL41UL21$X:L11$S22US41US21$IEEE1$IW$USESV6$~STKCKD$USESV7$~SHL$OTIME$ROPI$IEEEX$EBA8$MICROLIB$REQ8$PRES8$EABIv2 0x00000000   Number         0  anon$$obj.o ABSOLUTE
    __ARM_use_no_argv                        0x00000000   Number         0  main.o ABSOLUTE
    _printf_a                                0x00000000   Number         0  stubs.o ABSOLUTE
    _printf_c                                0x00000000   Number         0  stubs.o ABSOLUTE
    _printf_charcount                        0x00000000   Number         0  stubs.o ABSOLUTE
    _printf_d                                0x00000000   Number         0  stubs.o ABSOLUTE
    _printf_e                                0x00000000   Number         0  stubs.o ABSOLUTE
    _printf_f                                0x00000000   Number         0  stubs.o ABSOLUTE
    _printf_flags                            0x00000000   Number         0  stubs.o ABSOLUTE
    _printf_fp_dec                           0x00000000   Number         0  stubs.o ABSOLUTE
    _printf_fp_hex                           0x00000000   Number         0  stubs.o ABSOLUTE
    _printf_g                                0x00000000   Number         0  stubs.o ABSOLUTE
    _printf_i                                0x00000000   Number         0  stubs.o ABSOLUTE
    _printf_int_dec                          0x00000000   Number         0  stubs.o ABSOLUTE
    _printf_l                                0x00000000   Number         0  stubs.o ABSOLUTE
    _printf_lc                               0x00000000   Number         0  stubs.o ABSOLUTE
    _printf_ll                               0x00000000   Number         0  stubs.o ABSOLUTE
    _printf_lld                              0x00000000   Number         0  stubs.o ABSOLUTE
    _printf_lli                              0x00000000   Number         0  stubs.o ABSOLUTE
    _printf_llo                              0x00000000   Number         0  stubs.o ABSOLUTE
    _printf_llu                              0x00000000   Number         0  stubs.o ABSOLUTE
    _printf_llx                              0x00000000   Number         0  stubs.o ABSOLUTE
    _printf_longlong_dec                     0x00000000   Number         0  stubs.o ABSOLUTE
    _printf_longlong_hex                     0x00000000   Number         0  stubs.o ABSOLUTE
    _printf_longlong_oct                     0x00000000   Number         0  stubs.o ABSOLUTE
    _printf_ls                               0x00000000   Number         0  stubs.o ABSOLUTE
    _printf_mbtowc                           0x00000000   Number         0  stubs.o ABSOLUTE
    _printf_n                                0x00000000   Number         0  stubs.o ABSOLUTE
    _printf_o                                0x00000000   Number         0  stubs.o ABSOLUTE
    _printf_p                                0x00000000   Number         0  stubs.o ABSOLUTE
    _printf_percent                          0x00000000   Number         0  stubs.o ABSOLUTE
    _printf_pre_padding                      0x00000000   Number         0  stubs.o ABSOLUTE
    _printf_return_value                     0x00000000   Number         0  stubs.o ABSOLUTE
    _printf_s                                0x00000000   Number         0  stubs.o ABSOLUTE
    _printf_sizespec                         0x00000000   Number         0  stubs.o ABSOLUTE
    _printf_str                              0x00000000   Number         0  stubs.o ABSOLUTE
    _printf_truncate_signed                  0x00000000   Number         0  stubs.o ABSOLUTE
    _printf_truncate_unsigned                0x00000000   Number         0  stubs.o ABSOLUTE
    _printf_u                                0x00000000   Number         0  stubs.o ABSOLUTE
    _printf_wc                               0x00000000   Number         0  stubs.o ABSOLUTE
    _printf_wctomb                           0x00000000   Number         0  stubs.o ABSOLUTE
    _printf_widthprec                        0x00000000   Number         0  stubs.o ABSOLUTE
    _printf_x                                0x00000000   Number         0  stubs.o ABSOLUTE
    __cpp_initialize__aeabi_                  - Undefined Weak Reference
    __cxa_finalize                            - Undefined Weak Reference
    __decompress                              - Undefined Weak Reference
    _clock_init                               - Undefined Weak Reference
    _microlib_exit                            - Undefined Weak Reference
    __Vectors_Size                           0x00000130   Number         0  startup_stm32f103xe.o ABSOLUTE
    __Vectors                                0x08000000   Data           4  startup_stm32f103xe.o(RESET)
    __Vectors_End                            0x08000130   Data           0  startup_stm32f103xe.o(RESET)
    __main                                   0x08000131   Thumb Code     0  entry.o(.ARM.Collect$$$$00000000)
    _main_stk                                0x08000131   Thumb Code     0  entry2.o(.ARM.Collect$$$$00000001)
    _main_scatterload                        0x08000135   Thumb Code     0  entry5.o(.ARM.Collect$$$$00000004)
    __main_after_scatterload                 0x08000139   Thumb Code     0  entry5.o(.ARM.Collect$$$$00000004)
    _main_clock                              0x08000139   Thumb Code     0  entry7b.o(.ARM.Collect$$$$00000008)
    _main_cpp_init                           0x08000139   Thumb Code     0  entry8b.o(.ARM.Collect$$$$0000000A)
    _main_init                               0x08000139   Thumb Code     0  entry9a.o(.ARM.Collect$$$$0000000B)
    __rt_final_cpp                           0x08000141   Thumb Code     0  entry10a.o(.ARM.Collect$$$$0000000D)
    __rt_final_exit                          0x08000141   Thumb Code     0  entry11a.o(.ARM.Collect$$$$0000000F)
    Reset_Handler                            0x08000145   Thumb Code     8  startup_stm32f103xe.o(.text)
    ADC1_2_IRQHandler                        0x0800015f   Thumb Code     0  startup_stm32f103xe.o(.text)
    ADC3_IRQHandler                          0x0800015f   Thumb Code     0  startup_stm32f103xe.o(.text)
    CAN1_RX1_IRQHandler                      0x0800015f   Thumb Code     0  startup_stm32f103xe.o(.text)
    CAN1_SCE_IRQHandler                      0x0800015f   Thumb Code     0  startup_stm32f103xe.o(.text)
    DMA1_Channel1_IRQHandler                 0x0800015f   Thumb Code     0  startup_stm32f103xe.o(.text)
    DMA1_Channel2_IRQHandler                 0x0800015f   Thumb Code     0  startup_stm32f103xe.o(.text)
    DMA1_Channel3_IRQHandler                 0x0800015f   Thumb Code     0  startup_stm32f103xe.o(.text)
    DMA1_Channel4_IRQHandler                 0x0800015f   Thumb Code     0  startup_stm32f103xe.o(.text)
    DMA1_Channel5_IRQHandler                 0x0800015f   Thumb Code     0  startup_stm32f103xe.o(.text)
    DMA1_Channel6_IRQHandler                 0x0800015f   Thumb Code     0  startup_stm32f103xe.o(.text)
    DMA1_Channel7_IRQHandler                 0x0800015f   Thumb Code     0  startup_stm32f103xe.o(.text)
    DMA2_Channel1_IRQHandler                 0x0800015f   Thumb Code     0  startup_stm32f103xe.o(.text)
    DMA2_Channel2_IRQHandler                 0x0800015f   Thumb Code     0  startup_stm32f103xe.o(.text)
    DMA2_Channel3_IRQHandler                 0x0800015f   Thumb Code     0  startup_stm32f103xe.o(.text)
    DMA2_Channel4_5_IRQHandler               0x0800015f   Thumb Code     0  startup_stm32f103xe.o(.text)
    EXTI1_IRQHandler                         0x0800015f   Thumb Code     0  startup_stm32f103xe.o(.text)
    EXTI2_IRQHandler                         0x0800015f   Thumb Code     0  startup_stm32f103xe.o(.text)
    EXTI3_IRQHandler                         0x0800015f   Thumb Code     0  startup_stm32f103xe.o(.text)
    EXTI9_5_IRQHandler                       0x0800015f   Thumb Code     0  startup_stm32f103xe.o(.text)
    FLASH_IRQHandler                         0x0800015f   Thumb Code     0  startup_stm32f103xe.o(.text)
    FSMC_IRQHandler                          0x0800015f   Thumb Code     0  startup_stm32f103xe.o(.text)
    I2C1_ER_IRQHandler                       0x0800015f   Thumb Code     0  startup_stm32f103xe.o(.text)
    I2C1_EV_IRQHandler                       0x0800015f   Thumb Code     0  startup_stm32f103xe.o(.text)
    I2C2_ER_IRQHandler                       0x0800015f   Thumb Code     0  startup_stm32f103xe.o(.text)
    I2C2_EV_IRQHandler                       0x0800015f   Thumb Code     0  startup_stm32f103xe.o(.text)
    PVD_IRQHandler                           0x0800015f   Thumb Code     0  startup_stm32f103xe.o(.text)
    RCC_IRQHandler                           0x0800015f   Thumb Code     0  startup_stm32f103xe.o(.text)
    RTC_Alarm_IRQHandler                     0x0800015f   Thumb Code     0  startup_stm32f103xe.o(.text)
    RTC_IRQHandler                           0x0800015f   Thumb Code     0  startup_stm32f103xe.o(.text)
    SDIO_IRQHandler                          0x0800015f   Thumb Code     0  startup_stm32f103xe.o(.text)
    SPI1_IRQHandler                          0x0800015f   Thumb Code     0  startup_stm32f103xe.o(.text)
    SPI2_IRQHandler                          0x0800015f   Thumb Code     0  startup_stm32f103xe.o(.text)
    SPI3_IRQHandler                          0x0800015f   Thumb Code     0  startup_stm32f103xe.o(.text)
    TAMPER_IRQHandler                        0x0800015f   Thumb Code     0  startup_stm32f103xe.o(.text)
    TIM1_BRK_IRQHandler                      0x0800015f   Thumb Code     0  startup_stm32f103xe.o(.text)
    TIM1_CC_IRQHandler                       0x0800015f   Thumb Code     0  startup_stm32f103xe.o(.text)
    TIM1_TRG_COM_IRQHandler                  0x0800015f   Thumb Code     0  startup_stm32f103xe.o(.text)
    TIM1_UP_IRQHandler                       0x0800015f   Thumb Code     0  startup_stm32f103xe.o(.text)
    TIM2_IRQHandler                          0x0800015f   Thumb Code     0  startup_stm32f103xe.o(.text)
    TIM4_IRQHandler                          0x0800015f   Thumb Code     0  startup_stm32f103xe.o(.text)
    TIM5_IRQHandler                          0x0800015f   Thumb Code     0  startup_stm32f103xe.o(.text)
    TIM6_IRQHandler                          0x0800015f   Thumb Code     0  startup_stm32f103xe.o(.text)
    TIM7_IRQHandler                          0x0800015f   Thumb Code     0  startup_stm32f103xe.o(.text)
    TIM8_BRK_IRQHandler                      0x0800015f   Thumb Code     0  startup_stm32f103xe.o(.text)
    TIM8_CC_IRQHandler                       0x0800015f   Thumb Code     0  startup_stm32f103xe.o(.text)
    TIM8_TRG_COM_IRQHandler                  0x0800015f   Thumb Code     0  startup_stm32f103xe.o(.text)
    TIM8_UP_IRQHandler                       0x0800015f   Thumb Code     0  startup_stm32f103xe.o(.text)
    UART4_IRQHandler                         0x0800015f   Thumb Code     0  startup_stm32f103xe.o(.text)
    UART5_IRQHandler                         0x0800015f   Thumb Code     0  startup_stm32f103xe.o(.text)
    USART2_IRQHandler                        0x0800015f   Thumb Code     0  startup_stm32f103xe.o(.text)
    USBWakeUp_IRQHandler                     0x0800015f   Thumb Code     0  startup_stm32f103xe.o(.text)
    USB_HP_CAN1_TX_IRQHandler                0x0800015f   Thumb Code     0  startup_stm32f103xe.o(.text)
    USB_LP_CAN1_RX0_IRQHandler               0x0800015f   Thumb Code     0  startup_stm32f103xe.o(.text)
    WWDG_IRQHandler                          0x0800015f   Thumb Code     0  startup_stm32f103xe.o(.text)
    __aeabi_llsr                             0x08000169   Thumb Code    32  llushr.o(.text)
    _ll_ushift_r                             0x08000169   Thumb Code     0  llushr.o(.text)
    __aeabi_memset                           0x08000189   Thumb Code    14  memseta.o(.text)
    __aeabi_memset4                          0x08000189   Thumb Code     0  memseta.o(.text)
    __aeabi_memset8                          0x08000189   Thumb Code     0  memseta.o(.text)
    __aeabi_memclr                           0x08000197   Thumb Code     4  memseta.o(.text)
    __aeabi_memclr4                          0x08000197   Thumb Code     0  memseta.o(.text)
    __aeabi_memclr8                          0x08000197   Thumb Code     0  memseta.o(.text)
    _memset$wrapper                          0x0800019b   Thumb Code    18  memseta.o(.text)
    strstr                                   0x080001ad   Thumb Code    36  strstr.o(.text)
    strlen                                   0x080001d1   Thumb Code    14  strlen.o(.text)
    atoi                                     0x080001df   Thumb Code    26  atoi.o(.text)
    __aeabi_dadd                             0x080001f9   Thumb Code   322  dadd.o(.text)
    __aeabi_dsub                             0x0800033b   Thumb Code     6  dadd.o(.text)
    __aeabi_drsub                            0x08000341   Thumb Code     6  dadd.o(.text)
    __aeabi_dmul                             0x08000347   Thumb Code   228  dmul.o(.text)
    __aeabi_ddiv                             0x0800042b   Thumb Code   222  ddiv.o(.text)
    __aeabi_i2d                              0x08000509   Thumb Code    34  dflti.o(.text)
    __aeabi_ui2d                             0x0800052b   Thumb Code    26  dfltui.o(.text)
    __aeabi_d2iz                             0x08000545   Thumb Code    62  dfixi.o(.text)
    __aeabi_d2uiz                            0x08000583   Thumb Code    50  dfixui.o(.text)
    __aeabi_cdcmpeq                          0x080005b5   Thumb Code     0  cdcmple.o(.text)
    __aeabi_cdcmple                          0x080005b5   Thumb Code    48  cdcmple.o(.text)
    __aeabi_cdrcmple                         0x080005e5   Thumb Code    48  cdrcmple.o(.text)
    __aeabi_uidiv                            0x08000615   Thumb Code     0  uidiv.o(.text)
    __aeabi_uidivmod                         0x08000615   Thumb Code    44  uidiv.o(.text)
    __aeabi_llsl                             0x08000641   Thumb Code    30  llshl.o(.text)
    _ll_shift_l                              0x08000641   Thumb Code     0  llshl.o(.text)
    __aeabi_lasr                             0x0800065f   Thumb Code    36  llsshr.o(.text)
    _ll_sshift_r                             0x0800065f   Thumb Code     0  llsshr.o(.text)
    strtol                                   0x08000683   Thumb Code   112  strtol.o(.text)
    __I$use$fp                               0x080006f3   Thumb Code     0  iusefp.o(.text)
    _double_round                            0x080006f3   Thumb Code    30  depilogue.o(.text)
    _double_epilogue                         0x08000711   Thumb Code   156  depilogue.o(.text)
    __scatterload                            0x080007ad   Thumb Code    28  init.o(.text)
    __scatterload_rt2                        0x080007ad   Thumb Code     0  init.o(.text)
    __rt_ctype_table                         0x080007d1   Thumb Code     4  ctype_o.o(.text)
    _strtoul                                 0x080007d9   Thumb Code   158  _strtoul.o(.text)
    __ARM_scalbn                             0x08000877   Thumb Code    46  dscalb.o(.text)
    scalbn                                   0x08000877   Thumb Code     0  dscalb.o(.text)
    _chval                                   0x080008a5   Thumb Code    28  _chval.o(.text)
    BusFault_Handler                         0x080008c1   Thumb Code     2  stm32f1xx_it.o(i.BusFault_Handler)
    Counter_touchkey                         0x080008c5   Thumb Code   120  xpt2046.o(i.Counter_touchkey)
    Counter_touchpad                         0x08000941   Thumb Code   196  xpt2046.o(i.Counter_touchpad)
    DebugMon_Handler                         0x08000a09   Thumb Code     2  stm32f1xx_it.o(i.DebugMon_Handler)
    Delay                                    0x08000a0b   Thumb Code    16  lcdtp.o(i.Delay)
    Draw_touchkey                            0x08000a1d   Thumb Code   116  xpt2046.o(i.Draw_touchkey)
    ESP8266_AT_Test                          0x08000a95   Thumb Code    20  esp8266.o(i.ESP8266_AT_Test)
    ESP8266_Cmd                              0x08000aad   Thumb Code    26  esp8266.o(i.ESP8266_Cmd)
    ESP8266_Disconnect                       0x08000ad1   Thumb Code     6  esp8266.o(i.ESP8266_Disconnect)
    ESP8266_Enable_MultipleId                0x08000ae5   Thumb Code    30  esp8266.o(i.ESP8266_Enable_MultipleId)
    ESP8266_ExitUnvarnishSend                0x08000b15   Thumb Code    30  esp8266.o(i.ESP8266_ExitUnvarnishSend)
    ESP8266_GPIO_Config                      0x08000b3d   Thumb Code    78  esp8266.o(i.ESP8266_GPIO_Config)
    ESP8266_Init                             0x08000b95   Thumb Code    36  esp8266.o(i.ESP8266_Init)
    ESP8266_JoinAP                           0x08000bbd   Thumb Code    26  esp8266.o(i.ESP8266_JoinAP)
    ESP8266_Link_Server                      0x08000bed   Thumb Code    96  esp8266.o(i.ESP8266_Link_Server)
    ESP8266_Net_Mode                         0x08000c89   Thumb Code    34  esp8266.o(i.ESP8266_Net_Mode)
    ESP8266_PassThrough_Test                 0x08000cd1   Thumb Code   112  esp8266.o(i.ESP8266_PassThrough_Test)
    ESP8266_UnvarnishSend                    0x08000da5   Thumb Code    34  esp8266.o(i.ESP8266_UnvarnishSend)
    ESP_Rxbuf_Init                           0x08000de5   Thumb Code    30  bsp_usart.o(i.ESP_Rxbuf_Init)
    EXTI0_IRQHandler                         0x08000e09   Thumb Code    46  stm32f1xx_it.o(i.EXTI0_IRQHandler)
    EXTI15_10_IRQHandler                     0x08000e41   Thumb Code    50  stm32f1xx_it.o(i.EXTI15_10_IRQHandler)
    EXTI4_IRQHandler                         0x08000e7d   Thumb Code     6  stm32f1xx_it.o(i.EXTI4_IRQHandler)
    Error_Handler                            0x08000e83   Thumb Code     4  main.o(i.Error_Handler)
    FSMC_NORSRAM_Extended_Timing_Init        0x08000e89   Thumb Code    56  stm32f1xx_ll_fsmc.o(i.FSMC_NORSRAM_Extended_Timing_Init)
    FSMC_NORSRAM_Init                        0x08000ec5   Thumb Code    98  stm32f1xx_ll_fsmc.o(i.FSMC_NORSRAM_Init)
    FSMC_NORSRAM_Timing_Init                 0x08000f2d   Thumb Code    64  stm32f1xx_ll_fsmc.o(i.FSMC_NORSRAM_Timing_Init)
    GET_Net_Time                             0x08000f71   Thumb Code    42  esp8266.o(i.GET_Net_Time)
    GET_Temp                                 0x08000fc9   Thumb Code    84  esp8266.o(i.GET_Temp)
    Get_Times                                0x08001045   Thumb Code    54  esp8266.o(i.Get_Times)
    Get_Weather                              0x0800107d   Thumb Code    74  esp8266.o(i.Get_Weather)
    HAL_Delay                                0x080010e9   Thumb Code    32  stm32f1xx_hal.o(i.HAL_Delay)
    HAL_GPIO_EXTI_Callback                   0x08001175   Thumb Code     2  stm32f1xx_hal_gpio.o(i.HAL_GPIO_EXTI_Callback)
    HAL_GPIO_EXTI_IRQHandler                 0x08001179   Thumb Code    18  stm32f1xx_hal_gpio.o(i.HAL_GPIO_EXTI_IRQHandler)
    HAL_GPIO_Init                            0x08001191   Thumb Code   462  stm32f1xx_hal_gpio.o(i.HAL_GPIO_Init)
    HAL_GPIO_ReadPin                         0x08001389   Thumb Code    10  stm32f1xx_hal_gpio.o(i.HAL_GPIO_ReadPin)
    HAL_GPIO_WritePin                        0x08001393   Thumb Code    10  stm32f1xx_hal_gpio.o(i.HAL_GPIO_WritePin)
    HAL_GetTick                              0x0800139d   Thumb Code     6  stm32f1xx_hal.o(i.HAL_GetTick)
    HAL_I2C_Init                             0x080013a9   Thumb Code   376  stm32f1xx_hal_i2c.o(i.HAL_I2C_Init)
    HAL_I2C_Mem_Read                         0x08001531   Thumb Code   574  stm32f1xx_hal_i2c.o(i.HAL_I2C_Mem_Read)
    HAL_I2C_Mem_Write                        0x08001781   Thumb Code   294  stm32f1xx_hal_i2c.o(i.HAL_I2C_Mem_Write)
    HAL_I2C_MspInit                          0x080018b1   Thumb Code   120  i2c.o(i.HAL_I2C_MspInit)
    HAL_IncTick                              0x08001935   Thumb Code    12  stm32f1xx_hal.o(i.HAL_IncTick)
    HAL_Init                                 0x08001945   Thumb Code    32  stm32f1xx_hal.o(i.HAL_Init)
    HAL_InitTick                             0x08001969   Thumb Code    54  stm32f1xx_hal.o(i.HAL_InitTick)
    HAL_MspInit                              0x080019a9   Thumb Code    52  stm32f1xx_hal_msp.o(i.HAL_MspInit)
    HAL_NVIC_EnableIRQ                       0x080019e5   Thumb Code    26  stm32f1xx_hal_cortex.o(i.HAL_NVIC_EnableIRQ)
    HAL_NVIC_SetPriority                     0x08001a01   Thumb Code    60  stm32f1xx_hal_cortex.o(i.HAL_NVIC_SetPriority)
    HAL_NVIC_SetPriorityGrouping             0x08001a41   Thumb Code    26  stm32f1xx_hal_cortex.o(i.HAL_NVIC_SetPriorityGrouping)
    HAL_RCC_ClockConfig                      0x08001a65   Thumb Code   280  stm32f1xx_hal_rcc.o(i.HAL_RCC_ClockConfig)
    HAL_RCC_GetPCLK1Freq                     0x08001b91   Thumb Code    20  stm32f1xx_hal_rcc.o(i.HAL_RCC_GetPCLK1Freq)
    HAL_RCC_GetPCLK2Freq                     0x08001bb1   Thumb Code    20  stm32f1xx_hal_rcc.o(i.HAL_RCC_GetPCLK2Freq)
    HAL_RCC_GetSysClockFreq                  0x08001bd1   Thumb Code    74  stm32f1xx_hal_rcc.o(i.HAL_RCC_GetSysClockFreq)
    HAL_RCC_OscConfig                        0x08001c3d   Thumb Code   778  stm32f1xx_hal_rcc.o(i.HAL_RCC_OscConfig)
    HAL_SRAM_Init                            0x08001f5d   Thumb Code   100  stm32f1xx_hal_sram.o(i.HAL_SRAM_Init)
    HAL_SRAM_MspInit                         0x08001fc1   Thumb Code     4  fsmc.o(i.HAL_SRAM_MspInit)
    HAL_SYSTICK_Config                       0x08001fc5   Thumb Code    40  stm32f1xx_hal_cortex.o(i.HAL_SYSTICK_Config)
    HAL_TIMEx_BreakCallback                  0x08001fed   Thumb Code     2  stm32f1xx_hal_tim_ex.o(i.HAL_TIMEx_BreakCallback)
    HAL_TIMEx_CommutCallback                 0x08001fef   Thumb Code     2  stm32f1xx_hal_tim_ex.o(i.HAL_TIMEx_CommutCallback)
    HAL_TIMEx_MasterConfigSynchronization    0x08001ff1   Thumb Code   104  stm32f1xx_hal_tim_ex.o(i.HAL_TIMEx_MasterConfigSynchronization)
    HAL_TIM_Base_Init                        0x0800206d   Thumb Code    90  stm32f1xx_hal_tim.o(i.HAL_TIM_Base_Init)
    HAL_TIM_Base_MspInit                     0x080020c9   Thumb Code    50  tim.o(i.HAL_TIM_Base_MspInit)
    HAL_TIM_Base_Start_IT                    0x08002105   Thumb Code    88  stm32f1xx_hal_tim.o(i.HAL_TIM_Base_Start_IT)
    HAL_TIM_ConfigClockSource                0x08002171   Thumb Code   214  stm32f1xx_hal_tim.o(i.HAL_TIM_ConfigClockSource)
    HAL_TIM_IC_CaptureCallback               0x08002247   Thumb Code     2  stm32f1xx_hal_tim.o(i.HAL_TIM_IC_CaptureCallback)
    HAL_TIM_IRQHandler                       0x08002249   Thumb Code   358  stm32f1xx_hal_tim.o(i.HAL_TIM_IRQHandler)
    HAL_TIM_OC_DelayElapsedCallback          0x080023af   Thumb Code     2  stm32f1xx_hal_tim.o(i.HAL_TIM_OC_DelayElapsedCallback)
    HAL_TIM_PWM_PulseFinishedCallback        0x080023b1   Thumb Code     2  stm32f1xx_hal_tim.o(i.HAL_TIM_PWM_PulseFinishedCallback)
    HAL_TIM_PeriodElapsedCallback            0x080023b5   Thumb Code    30  main.o(i.HAL_TIM_PeriodElapsedCallback)
    HAL_TIM_TriggerCallback                  0x080023dd   Thumb Code     2  stm32f1xx_hal_tim.o(i.HAL_TIM_TriggerCallback)
    HAL_UART_Init                            0x080023df   Thumb Code    98  stm32f1xx_hal_uart.o(i.HAL_UART_Init)
    HAL_UART_MspInit                         0x08002441   Thumb Code   244  bsp_usart.o(i.HAL_UART_MspInit)
    HAL_UART_Transmit                        0x08002549   Thumb Code   178  stm32f1xx_hal_uart.o(i.HAL_UART_Transmit)
    HardFault_Handler                        0x080025fb   Thumb Code     2  stm32f1xx_it.o(i.HardFault_Handler)
    LCD_BackLed_Control                      0x080029cd   Thumb Code    20  lcdtp.o(i.LCD_BackLed_Control)
    LCD_Clear                                0x080029e5   Thumb Code    26  lcdtp.o(i.LCD_Clear)
    LCD_DrawBigDot                           0x080029ff   Thumb Code   110  lcdtp.o(i.LCD_DrawBigDot)
    LCD_DrawChar                             0x08002a6d   Thumb Code    70  lcdtp.o(i.LCD_DrawChar)
    LCD_DrawChar_Color                       0x08002abd   Thumb Code    68  lcdtp.o(i.LCD_DrawChar_Color)
    LCD_DrawCross                            0x08002b09   Thumb Code    42  lcdtp.o(i.LCD_DrawCross)
    LCD_DrawDot                              0x08002b33   Thumb Code    34  lcdtp.o(i.LCD_DrawDot)
    LCD_DrawLine                             0x08002b55   Thumb Code   158  lcdtp.o(i.LCD_DrawLine)
    LCD_DrawString                           0x08002bf5   Thumb Code    64  lcdtp.o(i.LCD_DrawString)
    LCD_DrawString_Color                     0x08002c35   Thumb Code    80  lcdtp.o(i.LCD_DrawString_Color)
    LCD_FillColor                            0x08002c85   Thumb Code    24  lcdtp.o(i.LCD_FillColor)
    LCD_GramScan                             0x08002ca1   Thumb Code   132  lcdtp.o(i.LCD_GramScan)
    LCD_INIT                                 0x08002d29   Thumb Code    38  lcdtp.o(i.LCD_INIT)
    LCD_OpenWindow                           0x08002d51   Thumb Code    58  lcdtp.o(i.LCD_OpenWindow)
    LCD_REG_Config                           0x08002d91   Thumb Code   368  lcdtp.o(i.LCD_REG_Config)
    LCD_Rst                                  0x08002f09   Thumb Code    42  lcdtp.o(i.LCD_Rst)
    MX_FSMC_Init                             0x08002f3d   Thumb Code   106  fsmc.o(i.MX_FSMC_Init)
    MX_GPIO_Init                             0x08002fb5   Thumb Code   318  gpio.o(i.MX_GPIO_Init)
    MX_I2C1_Init                             0x08003115   Thumb Code    50  i2c.o(i.MX_I2C1_Init)
    MX_TIM3_Init                             0x08003155   Thumb Code    94  tim.o(i.MX_TIM3_Init)
    Main_touchkey                            0x080031bd   Thumb Code    84  xpt2046.o(i.Main_touchkey)
    MemManage_Handler                        0x08003215   Thumb Code     2  stm32f1xx_it.o(i.MemManage_Handler)
    NMI_Handler                              0x08003217   Thumb Code     2  stm32f1xx_it.o(i.NMI_Handler)
    PendSV_Handler                           0x08003219   Thumb Code     2  stm32f1xx_it.o(i.PendSV_Handler)
    SVC_Handler                              0x0800321b   Thumb Code     2  stm32f1xx_it.o(i.SVC_Handler)
    Sub_touchkey                             0x0800321d   Thumb Code    40  xpt2046.o(i.Sub_touchkey)
    SysTick_Handler                          0x08003249   Thumb Code     4  stm32f1xx_it.o(i.SysTick_Handler)
    SystemClock_Config                       0x0800324d   Thumb Code    94  main.o(i.SystemClock_Config)
    SystemInit                               0x080032ab   Thumb Code     2  system_stm32f1xx.o(i.SystemInit)
    TIM3_IRQHandler                          0x080032ad   Thumb Code     6  stm32f1xx_it.o(i.TIM3_IRQHandler)
    TIM_Base_SetConfig                       0x080032b9   Thumb Code   120  stm32f1xx_hal_tim.o(i.TIM_Base_SetConfig)
    TIM_ETR_SetConfig                        0x08003345   Thumb Code    20  stm32f1xx_hal_tim.o(i.TIM_ETR_SetConfig)
    Timer_touchkey                           0x080033b1   Thumb Code    98  xpt2046.o(i.Timer_touchkey)
    USART1_IRQHandler                        0x08003535   Thumb Code    24  stm32f1xx_it.o(i.USART1_IRQHandler)
    USART3_IRQHandler                        0x08003555   Thumb Code    66  stm32f1xx_it.o(i.USART3_IRQHandler)
    UsageFault_Handler                       0x080035a5   Thumb Code     2  stm32f1xx_it.o(i.UsageFault_Handler)
    Usart_SendString                         0x080035a7   Thumb Code    38  bsp_usart.o(i.Usart_SendString)
    WIFI_USART_Config                        0x080035cd   Thumb Code    46  bsp_usart.o(i.WIFI_USART_Config)
    XPT2046_Get_TouchedPoint                 0x08003767   Thumb Code   150  xpt2046.o(i.XPT2046_Get_TouchedPoint)
    XPT2046_Touch_Calibrate                  0x08003991   Thumb Code   676  xpt2046.o(i.XPT2046_Touch_Calibrate)
    __0printf$6                              0x08003cf5   Thumb Code    22  printf6.o(i.__0printf$6)
    __1printf$6                              0x08003cf5   Thumb Code     0  printf6.o(i.__0printf$6)
    __2printf                                0x08003cf5   Thumb Code     0  printf6.o(i.__0printf$6)
    __0sprintf$6                             0x08003d15   Thumb Code    34  printf6.o(i.__0sprintf$6)
    __1sprintf$6                             0x08003d15   Thumb Code     0  printf6.o(i.__0sprintf$6)
    __2sprintf                               0x08003d15   Thumb Code     0  printf6.o(i.__0sprintf$6)
    __ARM_fpclassify                         0x08003d3d   Thumb Code    40  fpclassify.o(i.__ARM_fpclassify)
    __aeabi_errno_addr                       0x08003d85   Thumb Code     4  errno.o(i.__aeabi_errno_addr)
    __rt_errno_addr                          0x08003d85   Thumb Code     0  errno.o(i.__aeabi_errno_addr)
    __kernel_poly                            0x08003d8d   Thumb Code   170  poly.o(i.__kernel_poly)
    __mathlib_dbl_infnan                     0x08003e37   Thumb Code     6  dunder.o(i.__mathlib_dbl_infnan)
    __mathlib_dbl_infnan2                    0x08003e3d   Thumb Code     4  dunder.o(i.__mathlib_dbl_infnan2)
    __mathlib_dbl_underflow                  0x08003e41   Thumb Code    10  dunder.o(i.__mathlib_dbl_underflow)
    __scatterload_copy                       0x08003e51   Thumb Code    14  handlers.o(i.__scatterload_copy)
    __scatterload_null                       0x08003e5f   Thumb Code     2  handlers.o(i.__scatterload_null)
    __scatterload_zeroinit                   0x08003e61   Thumb Code    14  handlers.o(i.__scatterload_zeroinit)
    atan                                     0x080041bd   Thumb Code   474  atan.o(i.atan)
    atan2                                    0x080043dd   Thumb Code   346  atan2.o(i.atan2)
    fputc                                    0x0800455d   Thumb Code    20  bsp_usart.o(i.fputc)
    main                                     0x08004575   Thumb Code  4712  main.o(i.main)
    ucAscii_1608                             0x08005854   Data        1520  lcdtp.o(.constdata)
    AHBPrescTable                            0x08005e44   Data          16  system_stm32f1xx.o(.constdata)
    APBPrescTable                            0x08005e54   Data           8  system_stm32f1xx.o(.constdata)
    __mathlib_zero                           0x08005ef8   Data           8  qnan.o(.constdata)
    __ctype_table                            0x08005f00   Data         129  ctype_o.o(.constdata)
    Region$$Table$$Base                      0x08006084   Number         0  anon$$obj.o(Region$$Table)
    Region$$Table$$Limit                     0x080060a4   Number         0  anon$$obj.o(Region$$Table)
    ucXPT2046_TouchFlag                      0x20000000   Data           1  xpt2046.o(.data)
    strXPT2046_TouchPara                     0x20000008   Data          48  xpt2046.o(.data)
    TEMPERATURE                              0x20000038   Data           4  esp8266.o(.data)
    HUMIDITY                                 0x2000003c   Data           4  esp8266.o(.data)
    TIMES                                    0x20000040   Data           4  esp8266.o(.data)
    countercounter                           0x20000044   Data           4  main.o(.data)
    cnt_tim3_10ms                            0x20000048   Data           4  main.o(.data)
    cnt_tim4_10ms                            0x2000004c   Data           4  main.o(.data)
    ConvertedValue                           0x20000058   Data           4  stm32f1xx_it.o(.data)
    ConvertedValue2                          0x2000005c   Data           4  stm32f1xx_it.o(.data)
    uwTickFreq                               0x20000060   Data           1  stm32f1xx_hal.o(.data)
    uwTickPrio                               0x20000064   Data           4  stm32f1xx_hal.o(.data)
    uwTick                                   0x20000068   Data           4  stm32f1xx_hal.o(.data)
    SystemCoreClock                          0x2000006c   Data           4  system_stm32f1xx.o(.data)
    __stdout                                 0x20000070   Data           4  stdout.o(.data)
    ESP_RX_BUF                               0x20000078   Data        1030  bsp_usart.o(.bss)
    DebugUartHandle                          0x20000480   Data          68  bsp_usart.o(.bss)
    WifiUartHandle                           0x200004c4   Data          68  bsp_usart.o(.bss)
    hsram1                                   0x20000508   Data          72  fsmc.o(.bss)
    hi2c1                                    0x20000550   Data          84  i2c.o(.bss)
    htim3                                    0x200005a4   Data          72  tim.o(.bss)
    __initial_sp                             0x200009f0   Data           0  startup_stm32f103xe.o(STACK)



==============================================================================

Memory Map of the image

  Image Entry point : 0x08000131

  Load Region LR_IROM1 (Base: 0x08000000, Size: 0x0000611c, Max: 0x00080000, ABSOLUTE)

    Execution Region ER_IROM1 (Base: 0x08000000, Size: 0x000060a4, Max: 0x00080000, ABSOLUTE)

    Base Addr    Size         Type   Attr      Idx    E Section Name        Object

    0x08000000   0x00000130   Data   RO            3    RESET               startup_stm32f103xe.o
    0x08000130   0x00000000   Code   RO         4095  * .ARM.Collect$$$$00000000  mc_w.l(entry.o)
    0x08000130   0x00000004   Code   RO         4412    .ARM.Collect$$$$00000001  mc_w.l(entry2.o)
    0x08000134   0x00000004   Code   RO         4415    .ARM.Collect$$$$00000004  mc_w.l(entry5.o)
    0x08000138   0x00000000   Code   RO         4417    .ARM.Collect$$$$00000008  mc_w.l(entry7b.o)
    0x08000138   0x00000000   Code   RO         4419    .ARM.Collect$$$$0000000A  mc_w.l(entry8b.o)
    0x08000138   0x00000008   Code   RO         4420    .ARM.Collect$$$$0000000B  mc_w.l(entry9a.o)
    0x08000140   0x00000000   Code   RO         4422    .ARM.Collect$$$$0000000D  mc_w.l(entry10a.o)
    0x08000140   0x00000000   Code   RO         4424    .ARM.Collect$$$$0000000F  mc_w.l(entry11a.o)
    0x08000140   0x00000004   Code   RO         4413    .ARM.Collect$$$$00002712  mc_w.l(entry2.o)
    0x08000144   0x00000024   Code   RO            4    .text               startup_stm32f103xe.o
    0x08000168   0x00000020   Code   RO         4098    .text               mc_w.l(llushr.o)
    0x08000188   0x00000024   Code   RO         4100    .text               mc_w.l(memseta.o)
    0x080001ac   0x00000024   Code   RO         4102    .text               mc_w.l(strstr.o)
    0x080001d0   0x0000000e   Code   RO         4104    .text               mc_w.l(strlen.o)
    0x080001de   0x0000001a   Code   RO         4367    .text               mc_w.l(atoi.o)
    0x080001f8   0x0000014e   Code   RO         4369    .text               mf_w.l(dadd.o)
    0x08000346   0x000000e4   Code   RO         4371    .text               mf_w.l(dmul.o)
    0x0800042a   0x000000de   Code   RO         4373    .text               mf_w.l(ddiv.o)
    0x08000508   0x00000022   Code   RO         4375    .text               mf_w.l(dflti.o)
    0x0800052a   0x0000001a   Code   RO         4377    .text               mf_w.l(dfltui.o)
    0x08000544   0x0000003e   Code   RO         4379    .text               mf_w.l(dfixi.o)
    0x08000582   0x00000032   Code   RO         4381    .text               mf_w.l(dfixui.o)
    0x080005b4   0x00000030   Code   RO         4383    .text               mf_w.l(cdcmple.o)
    0x080005e4   0x00000030   Code   RO         4385    .text               mf_w.l(cdrcmple.o)
    0x08000614   0x0000002c   Code   RO         4427    .text               mc_w.l(uidiv.o)
    0x08000640   0x0000001e   Code   RO         4431    .text               mc_w.l(llshl.o)
    0x0800065e   0x00000024   Code   RO         4433    .text               mc_w.l(llsshr.o)
    0x08000682   0x00000070   Code   RO         4442    .text               mc_w.l(strtol.o)
    0x080006f2   0x00000000   Code   RO         4444    .text               mc_w.l(iusefp.o)
    0x080006f2   0x000000ba   Code   RO         4445    .text               mf_w.l(depilogue.o)
    0x080007ac   0x00000024   Code   RO         4453    .text               mc_w.l(init.o)
    0x080007d0   0x00000008   Code   RO         4455    .text               mc_w.l(ctype_o.o)
    0x080007d8   0x0000009e   Code   RO         4483    .text               mc_w.l(_strtoul.o)
    0x08000876   0x0000002e   Code   RO         4485    .text               mf_w.l(dscalb.o)
    0x080008a4   0x0000001c   Code   RO         4487    .text               mc_w.l(_chval.o)
    0x080008c0   0x00000002   Code   RO          871    i.BusFault_Handler  stm32f1xx_it.o
    0x080008c2   0x00000002   PAD
    0x080008c4   0x0000007c   Code   RO          289    i.Counter_touchkey  xpt2046.o
    0x08000940   0x000000c8   Code   RO          291    i.Counter_touchpad  xpt2046.o
    0x08000a08   0x00000002   Code   RO          872    i.DebugMon_Handler  stm32f1xx_it.o
    0x08000a0a   0x00000010   Code   RO           13    i.Delay             lcdtp.o
    0x08000a1a   0x00000002   PAD
    0x08000a1c   0x00000078   Code   RO          292    i.Draw_touchkey     xpt2046.o
    0x08000a94   0x00000018   Code   RO          472    i.ESP8266_AT_Test   esp8266.o
    0x08000aac   0x00000024   Code   RO          474    i.ESP8266_Cmd       esp8266.o
    0x08000ad0   0x00000014   Code   RO          475    i.ESP8266_Disconnect  esp8266.o
    0x08000ae4   0x00000030   Code   RO          476    i.ESP8266_Enable_MultipleId  esp8266.o
    0x08000b14   0x00000028   Code   RO          477    i.ESP8266_ExitUnvarnishSend  esp8266.o
    0x08000b3c   0x00000058   Code   RO          479    i.ESP8266_GPIO_Config  esp8266.o
    0x08000b94   0x00000028   Code   RO          481    i.ESP8266_Init      esp8266.o
    0x08000bbc   0x00000030   Code   RO          483    i.ESP8266_JoinAP    esp8266.o
    0x08000bec   0x0000009c   Code   RO          484    i.ESP8266_Link_Server  esp8266.o
    0x08000c88   0x00000048   Code   RO          485    i.ESP8266_Net_Mode  esp8266.o
    0x08000cd0   0x000000d4   Code   RO          486    i.ESP8266_PassThrough_Test  esp8266.o
    0x08000da4   0x00000040   Code   RO          488    i.ESP8266_UnvarnishSend  esp8266.o
    0x08000de4   0x00000024   Code   RO          405    i.ESP_Rxbuf_Init    bsp_usart.o
    0x08000e08   0x00000038   Code   RO          873    i.EXTI0_IRQHandler  stm32f1xx_it.o
    0x08000e40   0x0000003c   Code   RO          874    i.EXTI15_10_IRQHandler  stm32f1xx_it.o
    0x08000e7c   0x00000006   Code   RO          875    i.EXTI4_IRQHandler  stm32f1xx_it.o
    0x08000e82   0x00000004   Code   RO          625    i.Error_Handler     main.o
    0x08000e86   0x00000002   PAD
    0x08000e88   0x0000003c   Code   RO         1419    i.FSMC_NORSRAM_Extended_Timing_Init  stm32f1xx_ll_fsmc.o
    0x08000ec4   0x00000068   Code   RO         1420    i.FSMC_NORSRAM_Init  stm32f1xx_ll_fsmc.o
    0x08000f2c   0x00000044   Code   RO         1421    i.FSMC_NORSRAM_Timing_Init  stm32f1xx_ll_fsmc.o
    0x08000f70   0x00000058   Code   RO          489    i.GET_Net_Time      esp8266.o
    0x08000fc8   0x0000007c   Code   RO          490    i.GET_Temp          esp8266.o
    0x08001044   0x00000036   Code   RO          491    i.Get_Times         esp8266.o
    0x0800107a   0x00000002   PAD
    0x0800107c   0x0000006c   Code   RO          492    i.Get_Weather       esp8266.o
    0x080010e8   0x00000024   Code   RO         1544    i.HAL_Delay         stm32f1xx_hal.o
    0x0800110c   0x00000068   Code   RO          739    i.HAL_FSMC_MspInit  fsmc.o
    0x08001174   0x00000002   Code   RO         1850    i.HAL_GPIO_EXTI_Callback  stm32f1xx_hal_gpio.o
    0x08001176   0x00000002   PAD
    0x08001178   0x00000018   Code   RO         1851    i.HAL_GPIO_EXTI_IRQHandler  stm32f1xx_hal_gpio.o
    0x08001190   0x000001f8   Code   RO         1852    i.HAL_GPIO_Init     stm32f1xx_hal_gpio.o
    0x08001388   0x0000000a   Code   RO         1854    i.HAL_GPIO_ReadPin  stm32f1xx_hal_gpio.o
    0x08001392   0x0000000a   Code   RO         1856    i.HAL_GPIO_WritePin  stm32f1xx_hal_gpio.o
    0x0800139c   0x0000000c   Code   RO         1548    i.HAL_GetTick       stm32f1xx_hal.o
    0x080013a8   0x00000188   Code   RO         2658    i.HAL_I2C_Init      stm32f1xx_hal_i2c.o
    0x08001530   0x00000250   Code   RO         2676    i.HAL_I2C_Mem_Read  stm32f1xx_hal_i2c.o
    0x08001780   0x00000130   Code   RO         2679    i.HAL_I2C_Mem_Write  stm32f1xx_hal_i2c.o
    0x080018b0   0x00000084   Code   RO          788    i.HAL_I2C_MspInit   i2c.o
    0x08001934   0x00000010   Code   RO         1554    i.HAL_IncTick       stm32f1xx_hal.o
    0x08001944   0x00000024   Code   RO         1555    i.HAL_Init          stm32f1xx_hal.o
    0x08001968   0x00000040   Code   RO         1556    i.HAL_InitTick      stm32f1xx_hal.o
    0x080019a8   0x0000003c   Code   RO          994    i.HAL_MspInit       stm32f1xx_hal_msp.o
    0x080019e4   0x0000001a   Code   RO         2012    i.HAL_NVIC_EnableIRQ  stm32f1xx_hal_cortex.o
    0x080019fe   0x00000002   PAD
    0x08001a00   0x00000040   Code   RO         2018    i.HAL_NVIC_SetPriority  stm32f1xx_hal_cortex.o
    0x08001a40   0x00000024   Code   RO         2019    i.HAL_NVIC_SetPriorityGrouping  stm32f1xx_hal_cortex.o
    0x08001a64   0x0000012c   Code   RO         1712    i.HAL_RCC_ClockConfig  stm32f1xx_hal_rcc.o
    0x08001b90   0x00000020   Code   RO         1719    i.HAL_RCC_GetPCLK1Freq  stm32f1xx_hal_rcc.o
    0x08001bb0   0x00000020   Code   RO         1720    i.HAL_RCC_GetPCLK2Freq  stm32f1xx_hal_rcc.o
    0x08001bd0   0x0000006c   Code   RO         1721    i.HAL_RCC_GetSysClockFreq  stm32f1xx_hal_rcc.o
    0x08001c3c   0x00000320   Code   RO         1724    i.HAL_RCC_OscConfig  stm32f1xx_hal_rcc.o
    0x08001f5c   0x00000064   Code   RO         2516    i.HAL_SRAM_Init     stm32f1xx_hal_sram.o
    0x08001fc0   0x00000004   Code   RO          741    i.HAL_SRAM_MspInit  fsmc.o
    0x08001fc4   0x00000028   Code   RO         2023    i.HAL_SYSTICK_Config  stm32f1xx_hal_cortex.o
    0x08001fec   0x00000002   Code   RO         3785    i.HAL_TIMEx_BreakCallback  stm32f1xx_hal_tim_ex.o
    0x08001fee   0x00000002   Code   RO         3786    i.HAL_TIMEx_CommutCallback  stm32f1xx_hal_tim_ex.o
    0x08001ff0   0x0000007c   Code   RO         3804    i.HAL_TIMEx_MasterConfigSynchronization  stm32f1xx_hal_tim_ex.o
    0x0800206c   0x0000005a   Code   RO         3081    i.HAL_TIM_Base_Init  stm32f1xx_hal_tim.o
    0x080020c6   0x00000002   PAD
    0x080020c8   0x0000003c   Code   RO          830    i.HAL_TIM_Base_MspInit  tim.o
    0x08002104   0x0000006c   Code   RO         3086    i.HAL_TIM_Base_Start_IT  stm32f1xx_hal_tim.o
    0x08002170   0x000000d6   Code   RO         3090    i.HAL_TIM_ConfigClockSource  stm32f1xx_hal_tim.o
    0x08002246   0x00000002   Code   RO         3115    i.HAL_TIM_IC_CaptureCallback  stm32f1xx_hal_tim.o
    0x08002248   0x00000166   Code   RO         3129    i.HAL_TIM_IRQHandler  stm32f1xx_hal_tim.o
    0x080023ae   0x00000002   Code   RO         3132    i.HAL_TIM_OC_DelayElapsedCallback  stm32f1xx_hal_tim.o
    0x080023b0   0x00000002   Code   RO         3159    i.HAL_TIM_PWM_PulseFinishedCallback  stm32f1xx_hal_tim.o
    0x080023b2   0x00000002   PAD
    0x080023b4   0x00000028   Code   RO          626    i.HAL_TIM_PeriodElapsedCallback  main.o
    0x080023dc   0x00000002   Code   RO         3172    i.HAL_TIM_TriggerCallback  stm32f1xx_hal_tim.o
    0x080023de   0x00000062   Code   RO         1047    i.HAL_UART_Init     stm32f1xx_hal_uart.o
    0x08002440   0x00000108   Code   RO          406    i.HAL_UART_MspInit  bsp_usart.o
    0x08002548   0x000000b2   Code   RO         1055    i.HAL_UART_Transmit  stm32f1xx_hal_uart.o
    0x080025fa   0x00000002   Code   RO          876    i.HardFault_Handler  stm32f1xx_it.o
    0x080025fc   0x0000002e   Code   RO         2700    i.I2C_IsAcknowledgeFailed  stm32f1xx_hal_i2c.o
    0x0800262a   0x00000002   PAD
    0x0800262c   0x000000fc   Code   RO         2710    i.I2C_RequestMemoryRead  stm32f1xx_hal_i2c.o
    0x08002728   0x000000a8   Code   RO         2711    i.I2C_RequestMemoryWrite  stm32f1xx_hal_i2c.o
    0x080027d0   0x0000004c   Code   RO         2715    i.I2C_WaitOnBTFFlagUntilTimeout  stm32f1xx_hal_i2c.o
    0x0800281c   0x00000068   Code   RO         2716    i.I2C_WaitOnFlagUntilTimeout  stm32f1xx_hal_i2c.o
    0x08002884   0x00000096   Code   RO         2717    i.I2C_WaitOnMasterAddressFlagUntilTimeout  stm32f1xx_hal_i2c.o
    0x0800291a   0x00000066   Code   RO         2718    i.I2C_WaitOnRXNEFlagUntilTimeout  stm32f1xx_hal_i2c.o
    0x08002980   0x0000004c   Code   RO         2719    i.I2C_WaitOnTXEFlagUntilTimeout  stm32f1xx_hal_i2c.o
    0x080029cc   0x00000018   Code   RO           14    i.LCD_BackLed_Control  lcdtp.o
    0x080029e4   0x0000001a   Code   RO           15    i.LCD_Clear         lcdtp.o
    0x080029fe   0x0000006e   Code   RO           17    i.LCD_DrawBigDot    lcdtp.o
    0x08002a6c   0x00000050   Code   RO           19    i.LCD_DrawChar      lcdtp.o
    0x08002abc   0x0000004c   Code   RO           20    i.LCD_DrawChar_Color  lcdtp.o
    0x08002b08   0x0000002a   Code   RO           22    i.LCD_DrawCross     lcdtp.o
    0x08002b32   0x00000022   Code   RO           23    i.LCD_DrawDot       lcdtp.o
    0x08002b54   0x0000009e   Code   RO           24    i.LCD_DrawLine      lcdtp.o
    0x08002bf2   0x00000002   PAD
    0x08002bf4   0x00000040   Code   RO           25    i.LCD_DrawString    lcdtp.o
    0x08002c34   0x00000050   Code   RO           26    i.LCD_DrawString_Color  lcdtp.o
    0x08002c84   0x0000001c   Code   RO           29    i.LCD_FillColor     lcdtp.o
    0x08002ca0   0x00000088   Code   RO           31    i.LCD_GramScan      lcdtp.o
    0x08002d28   0x00000026   Code   RO           32    i.LCD_INIT          lcdtp.o
    0x08002d4e   0x00000002   PAD
    0x08002d50   0x00000040   Code   RO           33    i.LCD_OpenWindow    lcdtp.o
    0x08002d90   0x00000178   Code   RO           34    i.LCD_REG_Config    lcdtp.o
    0x08002f08   0x00000034   Code   RO           37    i.LCD_Rst           lcdtp.o
    0x08002f3c   0x00000078   Code   RO          742    i.MX_FSMC_Init      fsmc.o
    0x08002fb4   0x00000160   Code   RO          715    i.MX_GPIO_Init      gpio.o
    0x08003114   0x00000040   Code   RO          789    i.MX_I2C1_Init      i2c.o
    0x08003154   0x00000068   Code   RO          831    i.MX_TIM3_Init      tim.o
    0x080031bc   0x00000058   Code   RO          293    i.Main_touchkey     xpt2046.o
    0x08003214   0x00000002   Code   RO          877    i.MemManage_Handler  stm32f1xx_it.o
    0x08003216   0x00000002   Code   RO          878    i.NMI_Handler       stm32f1xx_it.o
    0x08003218   0x00000002   Code   RO          879    i.PendSV_Handler    stm32f1xx_it.o
    0x0800321a   0x00000002   Code   RO          880    i.SVC_Handler       stm32f1xx_it.o
    0x0800321c   0x0000002c   Code   RO          294    i.Sub_touchkey      xpt2046.o
    0x08003248   0x00000004   Code   RO          881    i.SysTick_Handler   stm32f1xx_it.o
    0x0800324c   0x0000005e   Code   RO          627    i.SystemClock_Config  main.o
    0x080032aa   0x00000002   Code   RO         4053    i.SystemInit        system_stm32f1xx.o
    0x080032ac   0x0000000c   Code   RO          882    i.TIM3_IRQHandler   stm32f1xx_it.o
    0x080032b8   0x0000008c   Code   RO         3174    i.TIM_Base_SetConfig  stm32f1xx_hal_tim.o
    0x08003344   0x00000014   Code   RO         3185    i.TIM_ETR_SetConfig  stm32f1xx_hal_tim.o
    0x08003358   0x00000010   Code   RO         3186    i.TIM_ITRx_SetConfig  stm32f1xx_hal_tim.o
    0x08003368   0x00000022   Code   RO         3192    i.TIM_TI1_ConfigInputStage  stm32f1xx_hal_tim.o
    0x0800338a   0x00000024   Code   RO         3194    i.TIM_TI2_ConfigInputStage  stm32f1xx_hal_tim.o
    0x080033ae   0x00000002   PAD
    0x080033b0   0x00000068   Code   RO          295    i.Timer_touchkey    xpt2046.o
    0x08003418   0x000000b8   Code   RO         1073    i.UART_SetConfig    stm32f1xx_hal_uart.o
    0x080034d0   0x00000064   Code   RO         1076    i.UART_WaitOnFlagUntilTimeout  stm32f1xx_hal_uart.o
    0x08003534   0x00000020   Code   RO          883    i.USART1_IRQHandler  stm32f1xx_it.o
    0x08003554   0x00000050   Code   RO          884    i.USART3_IRQHandler  stm32f1xx_it.o
    0x080035a4   0x00000002   Code   RO          885    i.UsageFault_Handler  stm32f1xx_it.o
    0x080035a6   0x00000026   Code   RO          407    i.Usart_SendString  bsp_usart.o
    0x080035cc   0x00000038   Code   RO          408    i.WIFI_USART_Config  bsp_usart.o
    0x08003604   0x0000014a   Code   RO          296    i.XPT2046_Calculate_CalibrationFactor  xpt2046.o
    0x0800374e   0x00000018   Code   RO          297    i.XPT2046_DelayUS   xpt2046.o
    0x08003766   0x00000096   Code   RO          298    i.XPT2046_Get_TouchedPoint  xpt2046.o
    0x080037fc   0x00000058   Code   RO          299    i.XPT2046_ReadAdc   xpt2046.o
    0x08003854   0x0000013c   Code   RO          300    i.XPT2046_ReadAdc_Smooth_XY  xpt2046.o
    0x08003990   0x00000300   Code   RO          301    i.XPT2046_Touch_Calibrate  xpt2046.o
    0x08003c90   0x00000064   Code   RO          302    i.XPT2046_WriteCMD  xpt2046.o
    0x08003cf4   0x00000020   Code   RO         4261    i.__0printf$6       mc_w.l(printf6.o)
    0x08003d14   0x00000028   Code   RO         4263    i.__0sprintf$6      mc_w.l(printf6.o)
    0x08003d3c   0x00000028   Code   RO         4449    i.__ARM_fpclassify  m_ws.l(fpclassify.o)
    0x08003d64   0x00000020   Code   RO         2025    i.__NVIC_SetPriority  stm32f1xx_hal_cortex.o
    0x08003d84   0x00000008   Code   RO         4435    i.__aeabi_errno_addr  mc_w.l(errno.o)
    0x08003d8c   0x000000aa   Code   RO         4451    i.__kernel_poly     m_ws.l(poly.o)
    0x08003e36   0x00000006   Code   RO         4398    i.__mathlib_dbl_infnan  m_ws.l(dunder.o)
    0x08003e3c   0x00000004   Code   RO         4399    i.__mathlib_dbl_infnan2  m_ws.l(dunder.o)
    0x08003e40   0x00000010   Code   RO         4403    i.__mathlib_dbl_underflow  m_ws.l(dunder.o)
    0x08003e50   0x0000000e   Code   RO         4491    i.__scatterload_copy  mc_w.l(handlers.o)
    0x08003e5e   0x00000002   Code   RO         4492    i.__scatterload_null  mc_w.l(handlers.o)
    0x08003e60   0x0000000e   Code   RO         4493    i.__scatterload_zeroinit  mc_w.l(handlers.o)
    0x08003e6e   0x00000002   PAD
    0x08003e70   0x000002f0   Code   RO         4268    i._printf_core      mc_w.l(printf6.o)
    0x08004160   0x00000024   Code   RO         4269    i._printf_post_padding  mc_w.l(printf6.o)
    0x08004184   0x0000002e   Code   RO         4270    i._printf_pre_padding  mc_w.l(printf6.o)
    0x080041b2   0x0000000a   Code   RO         4272    i._sputc            mc_w.l(printf6.o)
    0x080041bc   0x00000220   Code   RO         4388    i.atan              m_ws.l(atan.o)
    0x080043dc   0x00000180   Code   RO         4088    i.atan2             m_ws.l(atan2.o)
    0x0800455c   0x00000018   Code   RO          410    i.fputc             bsp_usart.o
    0x08004574   0x000012e0   Code   RO          628    i.main              main.o
    0x08005854   0x000005f0   Data   RO           40    .constdata          lcdtp.o
    0x08005e44   0x00000010   Data   RO         4054    .constdata          system_stm32f1xx.o
    0x08005e54   0x00000008   Data   RO         4055    .constdata          system_stm32f1xx.o
    0x08005e5c   0x00000004   PAD
    0x08005e60   0x00000098   Data   RO         4389    .constdata          m_ws.l(atan.o)
    0x08005ef8   0x00000008   Data   RO         4411    .constdata          m_ws.l(qnan.o)
    0x08005f00   0x00000081   Data   RO         4456    .constdata          mc_w.l(ctype_o.o)
    0x08005f81   0x00000003   PAD
    0x08005f84   0x00000004   Data   RO         4457    .constdata          mc_w.l(ctype_o.o)
    0x08005f88   0x000000f9   Data   RO          493    .conststring        esp8266.o
    0x08006081   0x00000003   PAD
    0x08006084   0x00000020   Data   RO         4489    Region$$Table       anon$$obj.o


    Execution Region RW_IRAM1 (Base: 0x20000000, Size: 0x000009f0, Max: 0x00010000, ABSOLUTE)

    Base Addr    Size         Type   Attr      Idx    E Section Name        Object

    0x20000000   0x00000038   Data   RW          303    .data               xpt2046.o
    0x20000038   0x0000000c   Data   RW          494    .data               esp8266.o
    0x20000044   0x0000000c   Data   RW          629    .data               main.o
    0x20000050   0x00000008   Data   RW          744    .data               fsmc.o
    0x20000058   0x00000008   Data   RW          886    .data               stm32f1xx_it.o
    0x20000060   0x0000000c   Data   RW         1562    .data               stm32f1xx_hal.o
    0x2000006c   0x00000004   Data   RW         4056    .data               system_stm32f1xx.o
    0x20000070   0x00000004   Data   RW         4426    .data               mc_w.l(stdout.o)
    0x20000074   0x00000004   Data   RW         4438    .data               mc_w.l(errno.o)
    0x20000078   0x00000490   Zero   RW          411    .bss                bsp_usart.o
    0x20000508   0x00000048   Zero   RW          743    .bss                fsmc.o
    0x20000550   0x00000054   Zero   RW          790    .bss                i2c.o
    0x200005a4   0x00000048   Zero   RW          832    .bss                tim.o
    0x200005ec   0x00000004   PAD
    0x200005f0   0x00000400   Zero   RW            1    STACK               startup_stm32f103xe.o


==============================================================================

Image component sizes


      Code (inc. data)   RO Data    RW Data    ZI Data      Debug   Object Name

       418         40          0          0       1168       5069   bsp_usart.o
      1222        440        249         12          0      11265   esp8266.o
       228         30          0          8         72       2087   fsmc.o
       352         34          0          0          0       1039   gpio.o
       196         26          0          0         84       1633   i2c.o
      1404         54       1520          0          0     520646   lcdtp.o
      4970        412          0         12          0       6451   main.o
        36          8        304          0       1024        800   startup_stm32f103xe.o
       164         28          0         12          0       6477   stm32f1xx_hal.o
       198         14          0          0          0      28923   stm32f1xx_hal_cortex.o
       550         48          0          0          0       4623   stm32f1xx_hal_gpio.o
      2262         56          0          0          0      12734   stm32f1xx_hal_i2c.o
        60          8          0          0          0        838   stm32f1xx_hal_msp.o
      1272        100          0          0          0       5172   stm32f1xx_hal_rcc.o
       100          0          0          0          0       1200   stm32f1xx_hal_sram.o
      1024         40          0          0          0       9629   stm32f1xx_hal_tim.o
       128         20          0          0          0       2357   stm32f1xx_hal_tim_ex.o
       560          6          0          0          0       3928   stm32f1xx_hal_uart.o
       266         48          0          8          0       6854   stm32f1xx_it.o
       232         14          0          0          0       3843   stm32f1xx_ll_fsmc.o
         2          0         24          4          0       1087   system_stm32f1xx.o
       164         20          0          0         72       1614   tim.o
      2456        138          0         56          0      13082   xpt2046.o

    ----------------------------------------------------------------------
     18288       1584       2136        112       2424     651351   Object Totals
         0          0         32          0          0          0   (incl. Generated)
        24          0          7          0          4          0   (incl. Padding)

    ----------------------------------------------------------------------

      Code (inc. data)   RO Data    RW Data    ZI Data      Debug   Library Member Name

       544         70        152          0          0        124   atan.o
       384         38          0          0          0        144   atan2.o
        26          6          0          0          0        204   dunder.o
        40          0          0          0          0         68   fpclassify.o
       170          0          0          0          0         96   poly.o
         0          0          8          0          0          0   qnan.o
        28          0          0          0          0         68   _chval.o
       158          0          0          0          0         92   _strtoul.o
        26          0          0          0          0         80   atoi.o
         8          4        133          0          0         68   ctype_o.o
         0          0          0          0          0          0   entry.o
         0          0          0          0          0          0   entry10a.o
         0          0          0          0          0          0   entry11a.o
         8          4          0          0          0          0   entry2.o
         4          0          0          0          0          0   entry5.o
         0          0          0          0          0          0   entry7b.o
         0          0          0          0          0          0   entry8b.o
         8          4          0          0          0          0   entry9a.o
         8          4          0          4          0         68   errno.o
        30          0          0          0          0          0   handlers.o
        36          8          0          0          0         68   init.o
         0          0          0          0          0          0   iusefp.o
        30          0          0          0          0         68   llshl.o
        36          0          0          0          0         68   llsshr.o
        32          0          0          0          0         68   llushr.o
        36          0          0          0          0        108   memseta.o
       916         20          0          0          0        504   printf6.o
         0          0          0          4          0          0   stdout.o
        14          0          0          0          0         68   strlen.o
        36          0          0          0          0         80   strstr.o
       112          0          0          0          0         88   strtol.o
        44          0          0          0          0         80   uidiv.o
        48          0          0          0          0         68   cdcmple.o
        48          0          0          0          0         68   cdrcmple.o
       334          0          0          0          0        148   dadd.o
       222          0          0          0          0        100   ddiv.o
       186          0          0          0          0        176   depilogue.o
        62          0          0          0          0         80   dfixi.o
        50          0          0          0          0         76   dfixui.o
        34          0          0          0          0         76   dflti.o
        26          0          0          0          0         76   dfltui.o
       228          0          0          0          0         96   dmul.o
        46          0          0          0          0         80   dscalb.o

    ----------------------------------------------------------------------
      4020        158        296          8          0       3256   Library Totals
         2          0          3          0          0          0   (incl. Padding)

    ----------------------------------------------------------------------

      Code (inc. data)   RO Data    RW Data    ZI Data      Debug   Library Name

      1164        114        160          0          0        636   m_ws.l
      1570         44        133          8          0       1576   mc_w.l
      1284          0          0          0          0       1044   mf_w.l

    ----------------------------------------------------------------------
      4020        158        296          8          0       3256   Library Totals

    ----------------------------------------------------------------------

==============================================================================


      Code (inc. data)   RO Data    RW Data    ZI Data      Debug   

     22308       1742       2432        120       2424     646179   Grand Totals
     22308       1742       2432        120       2424     646179   ELF Image Totals
     22308       1742       2432        120          0          0   ROM Totals

==============================================================================

    Total RO  Size (Code + RO Data)                24740 (  24.16kB)
    Total RW  Size (RW Data + ZI Data)              2544 (   2.48kB)
    Total ROM Size (Code + RO Data + RW Data)      24860 (  24.28kB)

==============================================================================

